Archive member included to satisfy reference by file (symbol)

e:/soft/arm-none-eabi-gcc/bin/../lib/gcc/arm-none-eabi/9.2.1/../../../../arm-none-eabi/lib/thumb/v7-m/nofp\libg.a(lib_a-errno.o)
                              ./firmware/CMSIS/startup_gcc/newlib_stubs.o (__errno)
e:/soft/arm-none-eabi-gcc/bin/../lib/gcc/arm-none-eabi/9.2.1/../../../../arm-none-eabi/lib/thumb/v7-m/nofp\libg.a(lib_a-exit.o)
                              e:/soft/arm-none-eabi-gcc/bin/../lib/gcc/arm-none-eabi/9.2.1/../../../../arm-none-eabi/lib/thumb/v7-m/nofp/crt0.o (exit)
e:/soft/arm-none-eabi-gcc/bin/../lib/gcc/arm-none-eabi/9.2.1/../../../../arm-none-eabi/lib/thumb/v7-m/nofp\libg.a(lib_a-impure.o)
                              e:/soft/arm-none-eabi-gcc/bin/../lib/gcc/arm-none-eabi/9.2.1/../../../../arm-none-eabi/lib/thumb/v7-m/nofp\libg.a(lib_a-exit.o) (_global_impure_ptr)
e:/soft/arm-none-eabi-gcc/bin/../lib/gcc/arm-none-eabi/9.2.1/../../../../arm-none-eabi/lib/thumb/v7-m/nofp\libg.a(lib_a-init.o)
                              e:/soft/arm-none-eabi-gcc/bin/../lib/gcc/arm-none-eabi/9.2.1/../../../../arm-none-eabi/lib/thumb/v7-m/nofp/crt0.o (__libc_init_array)
e:/soft/arm-none-eabi-gcc/bin/../lib/gcc/arm-none-eabi/9.2.1/../../../../arm-none-eabi/lib/thumb/v7-m/nofp\libg.a(lib_a-memcpy.o)
                              ./firmware/drivers/mss_sys_services/mss_sys_services.o (memcpy)
e:/soft/arm-none-eabi-gcc/bin/../lib/gcc/arm-none-eabi/9.2.1/../../../../arm-none-eabi/lib/thumb/v7-m/nofp\libg.a(lib_a-memset.o)
                              e:/soft/arm-none-eabi-gcc/bin/../lib/gcc/arm-none-eabi/9.2.1/../../../../arm-none-eabi/lib/thumb/v7-m/nofp/crt0.o (memset)
e:/soft/arm-none-eabi-gcc/bin/../lib/gcc/arm-none-eabi/9.2.1/../../../../arm-none-eabi/lib/thumb/v7-m/nofp\libg.a(lib_a-__call_atexit.o)
                              e:/soft/arm-none-eabi-gcc/bin/../lib/gcc/arm-none-eabi/9.2.1/../../../../arm-none-eabi/lib/thumb/v7-m/nofp\libg.a(lib_a-exit.o) (__call_exitprocs)
e:/soft/arm-none-eabi-gcc/bin/../lib/gcc/arm-none-eabi/9.2.1/../../../../arm-none-eabi/lib/thumb/v7-m/nofp\libg.a(lib_a-atexit.o)
                              e:/soft/arm-none-eabi-gcc/bin/../lib/gcc/arm-none-eabi/9.2.1/../../../../arm-none-eabi/lib/thumb/v7-m/nofp\libg.a(lib_a-__call_atexit.o) (atexit)
e:/soft/arm-none-eabi-gcc/bin/../lib/gcc/arm-none-eabi/9.2.1/../../../../arm-none-eabi/lib/thumb/v7-m/nofp\libg.a(lib_a-fini.o)
                              e:/soft/arm-none-eabi-gcc/bin/../lib/gcc/arm-none-eabi/9.2.1/../../../../arm-none-eabi/lib/thumb/v7-m/nofp\libg.a(lib_a-__call_atexit.o) (__libc_fini_array)
e:/soft/arm-none-eabi-gcc/bin/../lib/gcc/arm-none-eabi/9.2.1/../../../../arm-none-eabi/lib/thumb/v7-m/nofp\libg.a(lib_a-lock.o)
                              e:/soft/arm-none-eabi-gcc/bin/../lib/gcc/arm-none-eabi/9.2.1/../../../../arm-none-eabi/lib/thumb/v7-m/nofp\libg.a(lib_a-__call_atexit.o) (__retarget_lock_acquire_recursive)
e:/soft/arm-none-eabi-gcc/bin/../lib/gcc/arm-none-eabi/9.2.1/../../../../arm-none-eabi/lib/thumb/v7-m/nofp\libg.a(lib_a-__atexit.o)
                              e:/soft/arm-none-eabi-gcc/bin/../lib/gcc/arm-none-eabi/9.2.1/../../../../arm-none-eabi/lib/thumb/v7-m/nofp\libg.a(lib_a-atexit.o) (__register_exitproc)

Allocating common symbols
Common symbol       size              file

__lock___atexit_recursive_mutex
                    0x1               e:/soft/arm-none-eabi-gcc/bin/../lib/gcc/arm-none-eabi/9.2.1/../../../../arm-none-eabi/lib/thumb/v7-m/nofp\libg.a(lib_a-lock.o)
__lock___arc4random_mutex
                    0x1               e:/soft/arm-none-eabi-gcc/bin/../lib/gcc/arm-none-eabi/9.2.1/../../../../arm-none-eabi/lib/thumb/v7-m/nofp\libg.a(lib_a-lock.o)
__lock___env_recursive_mutex
                    0x1               e:/soft/arm-none-eabi-gcc/bin/../lib/gcc/arm-none-eabi/9.2.1/../../../../arm-none-eabi/lib/thumb/v7-m/nofp\libg.a(lib_a-lock.o)
__lock___sinit_recursive_mutex
                    0x1               e:/soft/arm-none-eabi-gcc/bin/../lib/gcc/arm-none-eabi/9.2.1/../../../../arm-none-eabi/lib/thumb/v7-m/nofp\libg.a(lib_a-lock.o)
__lock___malloc_recursive_mutex
                    0x1               e:/soft/arm-none-eabi-gcc/bin/../lib/gcc/arm-none-eabi/9.2.1/../../../../arm-none-eabi/lib/thumb/v7-m/nofp\libg.a(lib_a-lock.o)
__lock___at_quick_exit_mutex
                    0x1               e:/soft/arm-none-eabi-gcc/bin/../lib/gcc/arm-none-eabi/9.2.1/../../../../arm-none-eabi/lib/thumb/v7-m/nofp\libg.a(lib_a-lock.o)
__lock___dd_hash_mutex
                    0x1               e:/soft/arm-none-eabi-gcc/bin/../lib/gcc/arm-none-eabi/9.2.1/../../../../arm-none-eabi/lib/thumb/v7-m/nofp\libg.a(lib_a-lock.o)
__lock___tz_mutex   0x1               e:/soft/arm-none-eabi-gcc/bin/../lib/gcc/arm-none-eabi/9.2.1/../../../../arm-none-eabi/lib/thumb/v7-m/nofp\libg.a(lib_a-lock.o)
__lock___sfp_recursive_mutex
                    0x1               e:/soft/arm-none-eabi-gcc/bin/../lib/gcc/arm-none-eabi/9.2.1/../../../../arm-none-eabi/lib/thumb/v7-m/nofp\libg.a(lib_a-lock.o)

Discarded input sections

 .text          0x0000000000000000        0x0 e:/soft/arm-none-eabi-gcc/bin/../lib/gcc/arm-none-eabi/9.2.1/thumb/v7-m/nofp/crti.o
 .data          0x0000000000000000        0x0 e:/soft/arm-none-eabi-gcc/bin/../lib/gcc/arm-none-eabi/9.2.1/thumb/v7-m/nofp/crti.o
 .bss           0x0000000000000000        0x0 e:/soft/arm-none-eabi-gcc/bin/../lib/gcc/arm-none-eabi/9.2.1/thumb/v7-m/nofp/crti.o
 .text          0x0000000000000000        0x0 e:/soft/arm-none-eabi-gcc/bin/../lib/gcc/arm-none-eabi/9.2.1/thumb/v7-m/nofp/crtbegin.o
 .data          0x0000000000000000        0x0 e:/soft/arm-none-eabi-gcc/bin/../lib/gcc/arm-none-eabi/9.2.1/thumb/v7-m/nofp/crtbegin.o
 .bss           0x0000000000000000        0x0 e:/soft/arm-none-eabi-gcc/bin/../lib/gcc/arm-none-eabi/9.2.1/thumb/v7-m/nofp/crtbegin.o
 .data.__dso_handle
                0x0000000000000000        0x4 e:/soft/arm-none-eabi-gcc/bin/../lib/gcc/arm-none-eabi/9.2.1/thumb/v7-m/nofp/crtbegin.o
 .text          0x0000000000000000       0x74 e:/soft/arm-none-eabi-gcc/bin/../lib/gcc/arm-none-eabi/9.2.1/../../../../arm-none-eabi/lib/thumb/v7-m/nofp/crt0.o
 .data          0x0000000000000000        0x0 e:/soft/arm-none-eabi-gcc/bin/../lib/gcc/arm-none-eabi/9.2.1/../../../../arm-none-eabi/lib/thumb/v7-m/nofp/crt0.o
 .bss           0x0000000000000000        0x0 e:/soft/arm-none-eabi-gcc/bin/../lib/gcc/arm-none-eabi/9.2.1/../../../../arm-none-eabi/lib/thumb/v7-m/nofp/crt0.o
 .ARM.extab     0x0000000000000000        0x0 e:/soft/arm-none-eabi-gcc/bin/../lib/gcc/arm-none-eabi/9.2.1/../../../../arm-none-eabi/lib/thumb/v7-m/nofp/crt0.o
 .ARM.exidx     0x0000000000000000        0x8 e:/soft/arm-none-eabi-gcc/bin/../lib/gcc/arm-none-eabi/9.2.1/../../../../arm-none-eabi/lib/thumb/v7-m/nofp/crt0.o
 .text          0x0000000000000000        0xe ./firmware/hal/CortexM3/GNU/hal.o
 .data          0x0000000000000000        0x0 ./firmware/hal/CortexM3/GNU/hal.o
 .bss           0x0000000000000000        0x0 ./firmware/hal/CortexM3/GNU/hal.o
 .debug_line    0x0000000000000000       0x56 ./firmware/hal/CortexM3/GNU/hal.o
 .debug_info    0x0000000000000000       0x26 ./firmware/hal/CortexM3/GNU/hal.o
 .debug_abbrev  0x0000000000000000       0x14 ./firmware/hal/CortexM3/GNU/hal.o
 .debug_aranges
                0x0000000000000000       0x20 ./firmware/hal/CortexM3/GNU/hal.o
 .debug_str     0x0000000000000000       0x4d ./firmware/hal/CortexM3/GNU/hal.o
 .text          0x0000000000000000       0x90 ./firmware/hal/CortexM3/GNU/hw_reg_access.o
 .data          0x0000000000000000        0x0 ./firmware/hal/CortexM3/GNU/hw_reg_access.o
 .bss           0x0000000000000000        0x0 ./firmware/hal/CortexM3/GNU/hw_reg_access.o
 .debug_line    0x0000000000000000       0x94 ./firmware/hal/CortexM3/GNU/hw_reg_access.o
 .debug_info    0x0000000000000000       0x26 ./firmware/hal/CortexM3/GNU/hw_reg_access.o
 .debug_abbrev  0x0000000000000000       0x14 ./firmware/hal/CortexM3/GNU/hw_reg_access.o
 .debug_aranges
                0x0000000000000000       0x20 ./firmware/hal/CortexM3/GNU/hw_reg_access.o
 .debug_str     0x0000000000000000       0x57 ./firmware/hal/CortexM3/GNU/hw_reg_access.o
 .group         0x0000000000000000        0xc ./firmware/hal/CortexM3/cortex_nvic.o
 .group         0x0000000000000000        0xc ./firmware/hal/CortexM3/cortex_nvic.o
 .group         0x0000000000000000        0xc ./firmware/hal/CortexM3/cortex_nvic.o
 .group         0x0000000000000000        0xc ./firmware/hal/CortexM3/cortex_nvic.o
 .group         0x0000000000000000        0xc ./firmware/hal/CortexM3/cortex_nvic.o
 .group         0x0000000000000000        0xc ./firmware/hal/CortexM3/cortex_nvic.o
 .group         0x0000000000000000        0xc ./firmware/hal/CortexM3/cortex_nvic.o
 .group         0x0000000000000000        0xc ./firmware/hal/CortexM3/cortex_nvic.o
 .group         0x0000000000000000        0xc ./firmware/hal/CortexM3/cortex_nvic.o
 .group         0x0000000000000000        0xc ./firmware/hal/CortexM3/cortex_nvic.o
 .group         0x0000000000000000        0xc ./firmware/hal/CortexM3/cortex_nvic.o
 .group         0x0000000000000000        0xc ./firmware/hal/CortexM3/cortex_nvic.o
 .text          0x0000000000000000        0x0 ./firmware/hal/CortexM3/cortex_nvic.o
 .data          0x0000000000000000        0x0 ./firmware/hal/CortexM3/cortex_nvic.o
 .bss           0x0000000000000000        0x0 ./firmware/hal/CortexM3/cortex_nvic.o
 .text.NVIC_init
                0x0000000000000000        0xe ./firmware/hal/CortexM3/cortex_nvic.o
 .text.NVIC_set_handler
                0x0000000000000000       0x16 ./firmware/hal/CortexM3/cortex_nvic.o
 .text.NVIC_set_priority
                0x0000000000000000       0x18 ./firmware/hal/CortexM3/cortex_nvic.o
 .text.NVIC_enable_interrupt
                0x0000000000000000       0x14 ./firmware/hal/CortexM3/cortex_nvic.o
 .text.NVIC_disable_interrupt
                0x0000000000000000       0x14 ./firmware/hal/CortexM3/cortex_nvic.o
 .text.NVIC_clear_interrupt
                0x0000000000000000       0x14 ./firmware/hal/CortexM3/cortex_nvic.o
 .debug_info    0x0000000000000000      0x1a1 ./firmware/hal/CortexM3/cortex_nvic.o
 .debug_abbrev  0x0000000000000000       0x93 ./firmware/hal/CortexM3/cortex_nvic.o
 .debug_aranges
                0x0000000000000000       0x48 ./firmware/hal/CortexM3/cortex_nvic.o
 .debug_ranges  0x0000000000000000       0x38 ./firmware/hal/CortexM3/cortex_nvic.o
 .debug_macro   0x0000000000000000       0xb6 ./firmware/hal/CortexM3/cortex_nvic.o
 .debug_macro   0x0000000000000000      0xa84 ./firmware/hal/CortexM3/cortex_nvic.o
 .debug_macro   0x0000000000000000       0x22 ./firmware/hal/CortexM3/cortex_nvic.o
 .debug_macro   0x0000000000000000       0x8e ./firmware/hal/CortexM3/cortex_nvic.o
 .debug_macro   0x0000000000000000       0x51 ./firmware/hal/CortexM3/cortex_nvic.o
 .debug_macro   0x0000000000000000       0xef ./firmware/hal/CortexM3/cortex_nvic.o
 .debug_macro   0x0000000000000000       0x6a ./firmware/hal/CortexM3/cortex_nvic.o
 .debug_macro   0x0000000000000000      0x1df ./firmware/hal/CortexM3/cortex_nvic.o
 .debug_macro   0x0000000000000000       0x64 ./firmware/hal/CortexM3/cortex_nvic.o
 .debug_macro   0x0000000000000000       0x18 ./firmware/hal/CortexM3/cortex_nvic.o
 .debug_macro   0x0000000000000000       0x35 ./firmware/hal/CortexM3/cortex_nvic.o
 .debug_macro   0x0000000000000000       0x34 ./firmware/hal/CortexM3/cortex_nvic.o
 .debug_macro   0x0000000000000000       0x1c ./firmware/hal/CortexM3/cortex_nvic.o
 .debug_line    0x0000000000000000      0x2a3 ./firmware/hal/CortexM3/cortex_nvic.o
 .debug_str     0x0000000000000000     0x4179 ./firmware/hal/CortexM3/cortex_nvic.o
 .comment       0x0000000000000000       0x67 ./firmware/hal/CortexM3/cortex_nvic.o
 .debug_frame   0x0000000000000000       0xf8 ./firmware/hal/CortexM3/cortex_nvic.o
 .group         0x0000000000000000        0xc ./firmware/drivers_config/sys_config/sys_config.o
 .group         0x0000000000000000        0xc ./firmware/drivers_config/sys_config/sys_config.o
 .group         0x0000000000000000        0xc ./firmware/drivers_config/sys_config/sys_config.o
 .group         0x0000000000000000        0xc ./firmware/drivers_config/sys_config/sys_config.o
 .group         0x0000000000000000        0xc ./firmware/drivers_config/sys_config/sys_config.o
 .group         0x0000000000000000        0xc ./firmware/drivers_config/sys_config/sys_config.o
 .group         0x0000000000000000        0xc ./firmware/drivers_config/sys_config/sys_config.o
 .group         0x0000000000000000        0xc ./firmware/drivers_config/sys_config/sys_config.o
 .group         0x0000000000000000        0xc ./firmware/drivers_config/sys_config/sys_config.o
 .group         0x0000000000000000        0xc ./firmware/drivers_config/sys_config/sys_config.o
 .group         0x0000000000000000        0xc ./firmware/drivers_config/sys_config/sys_config.o
 .group         0x0000000000000000        0xc ./firmware/drivers_config/sys_config/sys_config.o
 .group         0x0000000000000000        0xc ./firmware/drivers_config/sys_config/sys_config.o
 .text          0x0000000000000000        0x0 ./firmware/drivers_config/sys_config/sys_config.o
 .data          0x0000000000000000        0x0 ./firmware/drivers_config/sys_config/sys_config.o
 .bss           0x0000000000000000        0x0 ./firmware/drivers_config/sys_config/sys_config.o
 .debug_info    0x0000000000000000       0x7a ./firmware/drivers_config/sys_config/sys_config.o
 .debug_abbrev  0x0000000000000000       0x43 ./firmware/drivers_config/sys_config/sys_config.o
 .debug_aranges
                0x0000000000000000       0x18 ./firmware/drivers_config/sys_config/sys_config.o
 .debug_macro   0x0000000000000000       0xa2 ./firmware/drivers_config/sys_config/sys_config.o
 .debug_macro   0x0000000000000000      0xa84 ./firmware/drivers_config/sys_config/sys_config.o
 .debug_macro   0x0000000000000000       0x26 ./firmware/drivers_config/sys_config/sys_config.o
 .debug_macro   0x0000000000000000       0x22 ./firmware/drivers_config/sys_config/sys_config.o
 .debug_macro   0x0000000000000000       0x22 ./firmware/drivers_config/sys_config/sys_config.o
 .debug_macro   0x0000000000000000       0x8e ./firmware/drivers_config/sys_config/sys_config.o
 .debug_macro   0x0000000000000000       0x51 ./firmware/drivers_config/sys_config/sys_config.o
 .debug_macro   0x0000000000000000       0xef ./firmware/drivers_config/sys_config/sys_config.o
 .debug_macro   0x0000000000000000       0x6a ./firmware/drivers_config/sys_config/sys_config.o
 .debug_macro   0x0000000000000000      0x1df ./firmware/drivers_config/sys_config/sys_config.o
 .debug_macro   0x0000000000000000      0x7b7 ./firmware/drivers_config/sys_config/sys_config.o
 .debug_macro   0x0000000000000000      0x265 ./firmware/drivers_config/sys_config/sys_config.o
 .debug_macro   0x0000000000000000       0x3a ./firmware/drivers_config/sys_config/sys_config.o
 .debug_macro   0x0000000000000000       0x34 ./firmware/drivers_config/sys_config/sys_config.o
 .debug_line    0x0000000000000000      0x218 ./firmware/drivers_config/sys_config/sys_config.o
 .debug_str     0x0000000000000000     0x7bf4 ./firmware/drivers_config/sys_config/sys_config.o
 .comment       0x0000000000000000       0x67 ./firmware/drivers_config/sys_config/sys_config.o
 .group         0x0000000000000000        0xc ./firmware/drivers/mss_sys_services/mss_comblk.o
 .group         0x0000000000000000        0xc ./firmware/drivers/mss_sys_services/mss_comblk.o
 .group         0x0000000000000000        0xc ./firmware/drivers/mss_sys_services/mss_comblk.o
 .group         0x0000000000000000        0xc ./firmware/drivers/mss_sys_services/mss_comblk.o
 .group         0x0000000000000000        0xc ./firmware/drivers/mss_sys_services/mss_comblk.o
 .group         0x0000000000000000        0xc ./firmware/drivers/mss_sys_services/mss_comblk.o
 .group         0x0000000000000000        0xc ./firmware/drivers/mss_sys_services/mss_comblk.o
 .group         0x0000000000000000        0xc ./firmware/drivers/mss_sys_services/mss_comblk.o
 .group         0x0000000000000000        0xc ./firmware/drivers/mss_sys_services/mss_comblk.o
 .group         0x0000000000000000        0xc ./firmware/drivers/mss_sys_services/mss_comblk.o
 .group         0x0000000000000000        0xc ./firmware/drivers/mss_sys_services/mss_comblk.o
 .group         0x0000000000000000        0xc ./firmware/drivers/mss_sys_services/mss_comblk.o
 .group         0x0000000000000000        0xc ./firmware/drivers/mss_sys_services/mss_comblk.o
 .group         0x0000000000000000        0xc ./firmware/drivers/mss_sys_services/mss_comblk.o
 .group         0x0000000000000000        0xc ./firmware/drivers/mss_sys_services/mss_comblk.o
 .group         0x0000000000000000        0xc ./firmware/drivers/mss_sys_services/mss_comblk.o
 .text          0x0000000000000000        0x0 ./firmware/drivers/mss_sys_services/mss_comblk.o
 .data          0x0000000000000000        0x0 ./firmware/drivers/mss_sys_services/mss_comblk.o
 .bss           0x0000000000000000        0x0 ./firmware/drivers/mss_sys_services/mss_comblk.o
 .text.NVIC_EnableIRQ
                0x0000000000000000       0x30 ./firmware/drivers/mss_sys_services/mss_comblk.o
 .text.NVIC_DisableIRQ
                0x0000000000000000       0x34 ./firmware/drivers/mss_sys_services/mss_comblk.o
 .text.NVIC_ClearPendingIRQ
                0x0000000000000000       0x34 ./firmware/drivers/mss_sys_services/mss_comblk.o
 .text.MSS_COMBLK_init
                0x0000000000000000       0xd8 ./firmware/drivers/mss_sys_services/mss_comblk.o
 .text.MSS_COMBLK_send_cmd_with_ptr
                0x0000000000000000       0xfc ./firmware/drivers/mss_sys_services/mss_comblk.o
 .text.MSS_COMBLK_send_cmd
                0x0000000000000000      0x130 ./firmware/drivers/mss_sys_services/mss_comblk.o
 .text.MSS_COMBLK_send_paged_cmd
                0x0000000000000000      0x130 ./firmware/drivers/mss_sys_services/mss_comblk.o
 .text.send_cmd_opcode
                0x0000000000000000       0x3c ./firmware/drivers/mss_sys_services/mss_comblk.o
 .debug_macro   0x0000000000000000      0xa84 ./firmware/drivers/mss_sys_services/mss_comblk.o
 .debug_macro   0x0000000000000000       0x26 ./firmware/drivers/mss_sys_services/mss_comblk.o
 .debug_macro   0x0000000000000000       0x22 ./firmware/drivers/mss_sys_services/mss_comblk.o
 .debug_macro   0x0000000000000000       0x22 ./firmware/drivers/mss_sys_services/mss_comblk.o
 .debug_macro   0x0000000000000000       0x8e ./firmware/drivers/mss_sys_services/mss_comblk.o
 .debug_macro   0x0000000000000000       0x51 ./firmware/drivers/mss_sys_services/mss_comblk.o
 .debug_macro   0x0000000000000000       0xef ./firmware/drivers/mss_sys_services/mss_comblk.o
 .debug_macro   0x0000000000000000       0x6a ./firmware/drivers/mss_sys_services/mss_comblk.o
 .debug_macro   0x0000000000000000      0x1df ./firmware/drivers/mss_sys_services/mss_comblk.o
 .debug_macro   0x0000000000000000      0x7b7 ./firmware/drivers/mss_sys_services/mss_comblk.o
 .debug_macro   0x0000000000000000      0x265 ./firmware/drivers/mss_sys_services/mss_comblk.o
 .debug_macro   0x0000000000000000       0x64 ./firmware/drivers/mss_sys_services/mss_comblk.o
 .debug_macro   0x0000000000000000       0x18 ./firmware/drivers/mss_sys_services/mss_comblk.o
 .debug_macro   0x0000000000000000       0x35 ./firmware/drivers/mss_sys_services/mss_comblk.o
 .debug_macro   0x0000000000000000       0x34 ./firmware/drivers/mss_sys_services/mss_comblk.o
 .debug_macro   0x0000000000000000       0x1c ./firmware/drivers/mss_sys_services/mss_comblk.o
 .group         0x0000000000000000        0xc ./firmware/drivers/mss_sys_services/mss_sys_services.o
 .group         0x0000000000000000        0xc ./firmware/drivers/mss_sys_services/mss_sys_services.o
 .group         0x0000000000000000        0xc ./firmware/drivers/mss_sys_services/mss_sys_services.o
 .group         0x0000000000000000        0xc ./firmware/drivers/mss_sys_services/mss_sys_services.o
 .group         0x0000000000000000        0xc ./firmware/drivers/mss_sys_services/mss_sys_services.o
 .group         0x0000000000000000        0xc ./firmware/drivers/mss_sys_services/mss_sys_services.o
 .group         0x0000000000000000        0xc ./firmware/drivers/mss_sys_services/mss_sys_services.o
 .group         0x0000000000000000        0xc ./firmware/drivers/mss_sys_services/mss_sys_services.o
 .group         0x0000000000000000        0xc ./firmware/drivers/mss_sys_services/mss_sys_services.o
 .group         0x0000000000000000        0xc ./firmware/drivers/mss_sys_services/mss_sys_services.o
 .group         0x0000000000000000        0xc ./firmware/drivers/mss_sys_services/mss_sys_services.o
 .group         0x0000000000000000        0xc ./firmware/drivers/mss_sys_services/mss_sys_services.o
 .group         0x0000000000000000        0xc ./firmware/drivers/mss_sys_services/mss_sys_services.o
 .group         0x0000000000000000        0xc ./firmware/drivers/mss_sys_services/mss_sys_services.o
 .group         0x0000000000000000        0xc ./firmware/drivers/mss_sys_services/mss_sys_services.o
 .group         0x0000000000000000        0xc ./firmware/drivers/mss_sys_services/mss_sys_services.o
 .group         0x0000000000000000        0xc ./firmware/drivers/mss_sys_services/mss_sys_services.o
 .group         0x0000000000000000        0xc ./firmware/drivers/mss_sys_services/mss_sys_services.o
 .group         0x0000000000000000        0xc ./firmware/drivers/mss_sys_services/mss_sys_services.o
 .group         0x0000000000000000        0xc ./firmware/drivers/mss_sys_services/mss_sys_services.o
 .group         0x0000000000000000        0xc ./firmware/drivers/mss_sys_services/mss_sys_services.o
 .group         0x0000000000000000        0xc ./firmware/drivers/mss_sys_services/mss_sys_services.o
 .group         0x0000000000000000        0xc ./firmware/drivers/mss_sys_services/mss_sys_services.o
 .group         0x0000000000000000        0xc ./firmware/drivers/mss_sys_services/mss_sys_services.o
 .group         0x0000000000000000        0xc ./firmware/drivers/mss_sys_services/mss_sys_services.o
 .group         0x0000000000000000        0xc ./firmware/drivers/mss_sys_services/mss_sys_services.o
 .text          0x0000000000000000        0x0 ./firmware/drivers/mss_sys_services/mss_sys_services.o
 .data          0x0000000000000000        0x0 ./firmware/drivers/mss_sys_services/mss_sys_services.o
 .bss           0x0000000000000000        0x0 ./firmware/drivers/mss_sys_services/mss_sys_services.o
 .bss.g_request_in_progress
                0x0000000000000000        0x1 ./firmware/drivers/mss_sys_services/mss_sys_services.o
 .bss.g_last_response_length
                0x0000000000000000        0x2 ./firmware/drivers/mss_sys_services/mss_sys_services.o
 .bss.g_event_handler
                0x0000000000000000        0x4 ./firmware/drivers/mss_sys_services/mss_sys_services.o
 .bss.g_response
                0x0000000000000000        0x2 ./firmware/drivers/mss_sys_services/mss_sys_services.o
 .bss.g_initial_mssddr_facc1_cr
                0x0000000000000000        0x4 ./firmware/drivers/mss_sys_services/mss_sys_services.o
 .text.MSS_SYS_init
                0x0000000000000000       0x50 ./firmware/drivers/mss_sys_services/mss_sys_services.o
 .text.asynchronous_event_handler
                0x0000000000000000       0xe4 ./firmware/drivers/mss_sys_services/mss_sys_services.o
 .text.MSS_SYS_get_serial_number
                0x0000000000000000       0x24 ./firmware/drivers/mss_sys_services/mss_sys_services.o
 .text.MSS_SYS_get_user_code
                0x0000000000000000       0x24 ./firmware/drivers/mss_sys_services/mss_sys_services.o
 .text.MSS_SYS_get_design_version
                0x0000000000000000       0x24 ./firmware/drivers/mss_sys_services/mss_sys_services.o
 .text.MSS_SYS_get_device_certificate
                0x0000000000000000       0x24 ./firmware/drivers/mss_sys_services/mss_sys_services.o
 .text.MSS_SYS_get_secondary_device_certificate
                0x0000000000000000       0x70 ./firmware/drivers/mss_sys_services/mss_sys_services.o
 .data.div1_seq
                0x0000000000000000        0x4 ./firmware/drivers/mss_sys_services/mss_sys_services.o
 .data.div2_seq
                0x0000000000000000        0x3 ./firmware/drivers/mss_sys_services/mss_sys_services.o
 .data.div4_seq
                0x0000000000000000        0x5 ./firmware/drivers/mss_sys_services/mss_sys_services.o
 .data.div8_seq
                0x0000000000000000        0x3 ./firmware/drivers/mss_sys_services/mss_sys_services.o
 .data.div16_seq
                0x0000000000000000        0x2 ./firmware/drivers/mss_sys_services/mss_sys_services.o
 .data.div32_seq
                0x0000000000000000        0x2 ./firmware/drivers/mss_sys_services/mss_sys_services.o
 .bss.divisor   0x0000000000000000       0x10 ./firmware/drivers/mss_sys_services/mss_sys_services.o
 .bss.ind       0x0000000000000000        0x1 ./firmware/drivers/mss_sys_services/mss_sys_services.o
 .text.determine_seq
                0x0000000000000000       0xac ./firmware/drivers/mss_sys_services/mss_sys_services.o
 .text.clk_switching_fix
                0x0000000000000000      0x29c ./firmware/drivers/mss_sys_services/mss_sys_services.o
 .text.revert_clk_config
                0x0000000000000000      0x1c0 ./firmware/drivers/mss_sys_services/mss_sys_services.o
 .text.MSS_SYS_flash_freeze
                0x0000000000000000       0xbc ./firmware/drivers/mss_sys_services/mss_sys_services.o
 .text.MSS_SYS_128bit_aes
                0x0000000000000000       0x92 ./firmware/drivers/mss_sys_services/mss_sys_services.o
 .text.MSS_SYS_256bit_aes
                0x0000000000000000       0x92 ./firmware/drivers/mss_sys_services/mss_sys_services.o
 .text.MSS_SYS_sha256
                0x0000000000000000       0x68 ./firmware/drivers/mss_sys_services/mss_sys_services.o
 .text.MSS_SYS_hmac
                0x0000000000000000       0x80 ./firmware/drivers/mss_sys_services/mss_sys_services.o
 .text.MSS_SYS_key_tree
                0x0000000000000000       0x6a ./firmware/drivers/mss_sys_services/mss_sys_services.o
 .text.MSS_SYS_challenge_response
                0x0000000000000000       0x62 ./firmware/drivers/mss_sys_services/mss_sys_services.o
 .text.MSS_SYS_nrbg_reset
                0x0000000000000000       0x60 ./firmware/drivers/mss_sys_services/mss_sys_services.o
 .text.MSS_SYS_nrbg_self_test
                0x0000000000000000       0x54 ./firmware/drivers/mss_sys_services/mss_sys_services.o
 .text.MSS_SYS_nrbg_instantiate
                0x0000000000000000       0x5a ./firmware/drivers/mss_sys_services/mss_sys_services.o
 .text.MSS_SYS_nrbg_generate
                0x0000000000000000       0x68 ./firmware/drivers/mss_sys_services/mss_sys_services.o
 .text.MSS_SYS_nrbg_reseed
                0x0000000000000000       0x44 ./firmware/drivers/mss_sys_services/mss_sys_services.o
 .text.MSS_SYS_nrbg_uninstantiate
                0x0000000000000000       0x60 ./firmware/drivers/mss_sys_services/mss_sys_services.o
 .text.MSS_SYS_zeroize_device
                0x0000000000000000       0x80 ./firmware/drivers/mss_sys_services/mss_sys_services.o
 .bss.g_isp_response
                0x0000000000000000        0x2 ./firmware/drivers/mss_sys_services/mss_sys_services.o
 .bss.g_isp_completion_handler
                0x0000000000000000        0x4 ./firmware/drivers/mss_sys_services/mss_sys_services.o
 .bss.g_isp_page_read_handler
                0x0000000000000000        0x4 ./firmware/drivers/mss_sys_services/mss_sys_services.o
 .data.g_initial_envm_cr
                0x0000000000000000        0x4 ./firmware/drivers/mss_sys_services/mss_sys_services.o
 .bss.g_initial_mssddr_facc2_cr
                0x0000000000000000        0x4 ./firmware/drivers/mss_sys_services/mss_sys_services.o
 .bss.g_mode    0x0000000000000000        0x1 ./firmware/drivers/mss_sys_services/mss_sys_services.o
 .data.wait_for_clock_switch
                0x0000000000000000        0x1 ./firmware/drivers/mss_sys_services/mss_sys_services.o
 .text.isp_page_read_handler
                0x0000000000000000       0x88 ./firmware/drivers/mss_sys_services/mss_sys_services.o
 .text.isp_sys_completion_handler
                0x0000000000000000       0x58 ./firmware/drivers/mss_sys_services/mss_sys_services.o
 .text.MSS_SYS_start_isp
                0x0000000000000000       0xf8 ./firmware/drivers/mss_sys_services/mss_sys_services.o
 .text.MSS_SYS_initiate_iap
                0x0000000000000000      0x120 ./firmware/drivers/mss_sys_services/mss_sys_services.o
 .text.MSS_SYS_check_digest
                0x0000000000000000       0xd0 ./firmware/drivers/mss_sys_services/mss_sys_services.o
 .text.MSS_SYS_puf_create_activation_code
                0x0000000000000000       0x7c ./firmware/drivers/mss_sys_services/mss_sys_services.o
 .text.MSS_SYS_puf_delete_activation_code
                0x0000000000000000       0x7c ./firmware/drivers/mss_sys_services/mss_sys_services.o
 .text.MSS_SYS_puf_get_number_of_keys
                0x0000000000000000       0x94 ./firmware/drivers/mss_sys_services/mss_sys_services.o
 .text.MSS_SYS_puf_enroll_key
                0x0000000000000000       0xc4 ./firmware/drivers/mss_sys_services/mss_sys_services.o
 .text.MSS_SYS_puf_delete_key
                0x0000000000000000       0x88 ./firmware/drivers/mss_sys_services/mss_sys_services.o
 .text.MSS_SYS_puf_fetch_key
                0x0000000000000000       0x9c ./firmware/drivers/mss_sys_services/mss_sys_services.o
 .text.MSS_SYS_puf_export_keycodes
                0x0000000000000000       0x84 ./firmware/drivers/mss_sys_services/mss_sys_services.o
 .text.MSS_SYS_puf_import_keycodes
                0x0000000000000000       0x84 ./firmware/drivers/mss_sys_services/mss_sys_services.o
 .text.MSS_SYS_puf_fetch_ecc_public_key
                0x0000000000000000       0x80 ./firmware/drivers/mss_sys_services/mss_sys_services.o
 .text.MSS_SYS_puf_get_random_seed
                0x0000000000000000       0x80 ./firmware/drivers/mss_sys_services/mss_sys_services.o
 .text.MSS_SYS_ecc_point_multiplication
                0x0000000000000000       0xa4 ./firmware/drivers/mss_sys_services/mss_sys_services.o
 .text.MSS_SYS_ecc_point_addition
                0x0000000000000000       0xa4 ./firmware/drivers/mss_sys_services/mss_sys_services.o
 .rodata        0x0000000000000000       0x60 ./firmware/drivers/mss_sys_services/mss_sys_services.o
 .text.MSS_SYS_ecc_get_base_point
                0x0000000000000000       0x34 ./firmware/drivers/mss_sys_services/mss_sys_services.o
 .text.MSS_SYS_start_clock_monitor
                0x0000000000000000       0xa4 ./firmware/drivers/mss_sys_services/mss_sys_services.o
 .text.MSS_SYS_stop_clock_monitor
                0x0000000000000000       0xa4 ./firmware/drivers/mss_sys_services/mss_sys_services.o
 .text.MSS_SYS_enable_puf_power_down
                0x0000000000000000       0xa4 ./firmware/drivers/mss_sys_services/mss_sys_services.o
 .text.MSS_SYS_disable_puf_power_down
                0x0000000000000000       0xa4 ./firmware/drivers/mss_sys_services/mss_sys_services.o
 .text.MSS_SYS_clear_lock_parity
                0x0000000000000000       0xa4 ./firmware/drivers/mss_sys_services/mss_sys_services.o
 .text.MSS_SYS_clear_mesh_short
                0x0000000000000000       0xa4 ./firmware/drivers/mss_sys_services/mss_sys_services.o
 .text.execute_service
                0x0000000000000000       0x5c ./firmware/drivers/mss_sys_services/mss_sys_services.o
 .text.request_completion_handler
                0x0000000000000000       0x2c ./firmware/drivers/mss_sys_services/mss_sys_services.o
 .text.signal_request_start
                0x0000000000000000       0x2c ./firmware/drivers/mss_sys_services/mss_sys_services.o
 .text.wait_for_request_completion
                0x0000000000000000       0x28 ./firmware/drivers/mss_sys_services/mss_sys_services.o
 .text.write_ptr_value_into_array
                0x0000000000000000       0x52 ./firmware/drivers/mss_sys_services/mss_sys_services.o
 .text.write_array_into_ptr_value
                0x0000000000000000       0x5c ./firmware/drivers/mss_sys_services/mss_sys_services.o
 .debug_info    0x0000000000000000     0x284f ./firmware/drivers/mss_sys_services/mss_sys_services.o
 .debug_abbrev  0x0000000000000000      0x367 ./firmware/drivers/mss_sys_services/mss_sys_services.o
 .debug_aranges
                0x0000000000000000      0x1c8 ./firmware/drivers/mss_sys_services/mss_sys_services.o
 .debug_ranges  0x0000000000000000      0x1b8 ./firmware/drivers/mss_sys_services/mss_sys_services.o
 .debug_macro   0x0000000000000000      0x3cf ./firmware/drivers/mss_sys_services/mss_sys_services.o
 .debug_macro   0x0000000000000000      0xa84 ./firmware/drivers/mss_sys_services/mss_sys_services.o
 .debug_macro   0x0000000000000000       0x26 ./firmware/drivers/mss_sys_services/mss_sys_services.o
 .debug_macro   0x0000000000000000       0x22 ./firmware/drivers/mss_sys_services/mss_sys_services.o
 .debug_macro   0x0000000000000000       0x22 ./firmware/drivers/mss_sys_services/mss_sys_services.o
 .debug_macro   0x0000000000000000       0x8e ./firmware/drivers/mss_sys_services/mss_sys_services.o
 .debug_macro   0x0000000000000000       0x51 ./firmware/drivers/mss_sys_services/mss_sys_services.o
 .debug_macro   0x0000000000000000       0xef ./firmware/drivers/mss_sys_services/mss_sys_services.o
 .debug_macro   0x0000000000000000       0x6a ./firmware/drivers/mss_sys_services/mss_sys_services.o
 .debug_macro   0x0000000000000000      0x1df ./firmware/drivers/mss_sys_services/mss_sys_services.o
 .debug_macro   0x0000000000000000      0x7b7 ./firmware/drivers/mss_sys_services/mss_sys_services.o
 .debug_macro   0x0000000000000000      0x265 ./firmware/drivers/mss_sys_services/mss_sys_services.o
 .debug_macro   0x0000000000000000      0x2f8 ./firmware/drivers/mss_sys_services/mss_sys_services.o
 .debug_macro   0x0000000000000000       0x64 ./firmware/drivers/mss_sys_services/mss_sys_services.o
 .debug_macro   0x0000000000000000       0x18 ./firmware/drivers/mss_sys_services/mss_sys_services.o
 .debug_macro   0x0000000000000000       0x35 ./firmware/drivers/mss_sys_services/mss_sys_services.o
 .debug_macro   0x0000000000000000       0x34 ./firmware/drivers/mss_sys_services/mss_sys_services.o
 .debug_macro   0x0000000000000000       0x1c ./firmware/drivers/mss_sys_services/mss_sys_services.o
 .debug_macro   0x0000000000000000      0x174 ./firmware/drivers/mss_sys_services/mss_sys_services.o
 .debug_macro   0x0000000000000000       0x58 ./firmware/drivers/mss_sys_services/mss_sys_services.o
 .debug_macro   0x0000000000000000       0x1f ./firmware/drivers/mss_sys_services/mss_sys_services.o
 .debug_macro   0x0000000000000000       0x43 ./firmware/drivers/mss_sys_services/mss_sys_services.o
 .debug_macro   0x0000000000000000       0x20 ./firmware/drivers/mss_sys_services/mss_sys_services.o
 .debug_macro   0x0000000000000000      0x18e ./firmware/drivers/mss_sys_services/mss_sys_services.o
 .debug_macro   0x0000000000000000      0x339 ./firmware/drivers/mss_sys_services/mss_sys_services.o
 .debug_macro   0x0000000000000000       0x10 ./firmware/drivers/mss_sys_services/mss_sys_services.o
 .debug_macro   0x0000000000000000       0x35 ./firmware/drivers/mss_sys_services/mss_sys_services.o
 .debug_line    0x0000000000000000     0x14e1 ./firmware/drivers/mss_sys_services/mss_sys_services.o
 .debug_str     0x0000000000000000     0xd6c6 ./firmware/drivers/mss_sys_services/mss_sys_services.o
 .comment       0x0000000000000000       0x67 ./firmware/drivers/mss_sys_services/mss_sys_services.o
 .debug_frame   0x0000000000000000      0x7dc ./firmware/drivers/mss_sys_services/mss_sys_services.o
 .group         0x0000000000000000        0xc ./firmware/CMSIS/startup_gcc/newlib_stubs.o
 .group         0x0000000000000000        0xc ./firmware/CMSIS/startup_gcc/newlib_stubs.o
 .group         0x0000000000000000        0xc ./firmware/CMSIS/startup_gcc/newlib_stubs.o
 .group         0x0000000000000000        0xc ./firmware/CMSIS/startup_gcc/newlib_stubs.o
 .group         0x0000000000000000        0xc ./firmware/CMSIS/startup_gcc/newlib_stubs.o
 .group         0x0000000000000000        0xc ./firmware/CMSIS/startup_gcc/newlib_stubs.o
 .group         0x0000000000000000        0xc ./firmware/CMSIS/startup_gcc/newlib_stubs.o
 .group         0x0000000000000000        0xc ./firmware/CMSIS/startup_gcc/newlib_stubs.o
 .group         0x0000000000000000        0xc ./firmware/CMSIS/startup_gcc/newlib_stubs.o
 .group         0x0000000000000000        0xc ./firmware/CMSIS/startup_gcc/newlib_stubs.o
 .group         0x0000000000000000        0xc ./firmware/CMSIS/startup_gcc/newlib_stubs.o
 .group         0x0000000000000000        0xc ./firmware/CMSIS/startup_gcc/newlib_stubs.o
 .group         0x0000000000000000        0xc ./firmware/CMSIS/startup_gcc/newlib_stubs.o
 .group         0x0000000000000000        0xc ./firmware/CMSIS/startup_gcc/newlib_stubs.o
 .group         0x0000000000000000        0xc ./firmware/CMSIS/startup_gcc/newlib_stubs.o
 .group         0x0000000000000000        0xc ./firmware/CMSIS/startup_gcc/newlib_stubs.o
 .group         0x0000000000000000        0xc ./firmware/CMSIS/startup_gcc/newlib_stubs.o
 .group         0x0000000000000000        0xc ./firmware/CMSIS/startup_gcc/newlib_stubs.o
 .group         0x0000000000000000        0xc ./firmware/CMSIS/startup_gcc/newlib_stubs.o
 .group         0x0000000000000000        0xc ./firmware/CMSIS/startup_gcc/newlib_stubs.o
 .group         0x0000000000000000        0xc ./firmware/CMSIS/startup_gcc/newlib_stubs.o
 .group         0x0000000000000000        0xc ./firmware/CMSIS/startup_gcc/newlib_stubs.o
 .group         0x0000000000000000        0xc ./firmware/CMSIS/startup_gcc/newlib_stubs.o
 .group         0x0000000000000000        0xc ./firmware/CMSIS/startup_gcc/newlib_stubs.o
 .group         0x0000000000000000        0xc ./firmware/CMSIS/startup_gcc/newlib_stubs.o
 .group         0x0000000000000000        0xc ./firmware/CMSIS/startup_gcc/newlib_stubs.o
 .group         0x0000000000000000        0xc ./firmware/CMSIS/startup_gcc/newlib_stubs.o
 .group         0x0000000000000000        0xc ./firmware/CMSIS/startup_gcc/newlib_stubs.o
 .group         0x0000000000000000        0xc ./firmware/CMSIS/startup_gcc/newlib_stubs.o
 .group         0x0000000000000000        0xc ./firmware/CMSIS/startup_gcc/newlib_stubs.o
 .group         0x0000000000000000        0xc ./firmware/CMSIS/startup_gcc/newlib_stubs.o
 .group         0x0000000000000000        0xc ./firmware/CMSIS/startup_gcc/newlib_stubs.o
 .group         0x0000000000000000        0xc ./firmware/CMSIS/startup_gcc/newlib_stubs.o
 .group         0x0000000000000000        0xc ./firmware/CMSIS/startup_gcc/newlib_stubs.o
 .group         0x0000000000000000        0xc ./firmware/CMSIS/startup_gcc/newlib_stubs.o
 .group         0x0000000000000000        0xc ./firmware/CMSIS/startup_gcc/newlib_stubs.o
 .group         0x0000000000000000        0xc ./firmware/CMSIS/startup_gcc/newlib_stubs.o
 .group         0x0000000000000000        0xc ./firmware/CMSIS/startup_gcc/newlib_stubs.o
 .group         0x0000000000000000        0xc ./firmware/CMSIS/startup_gcc/newlib_stubs.o
 .text          0x0000000000000000        0x0 ./firmware/CMSIS/startup_gcc/newlib_stubs.o
 .data          0x0000000000000000        0x0 ./firmware/CMSIS/startup_gcc/newlib_stubs.o
 .bss           0x0000000000000000        0x0 ./firmware/CMSIS/startup_gcc/newlib_stubs.o
 .bss.__env     0x0000000000000000        0x4 ./firmware/CMSIS/startup_gcc/newlib_stubs.o
 .data.environ  0x0000000000000000        0x4 ./firmware/CMSIS/startup_gcc/newlib_stubs.o
 .text._close   0x0000000000000000       0x16 ./firmware/CMSIS/startup_gcc/newlib_stubs.o
 .text._execve  0x0000000000000000       0x22 ./firmware/CMSIS/startup_gcc/newlib_stubs.o
 .text._exit    0x0000000000000000        0xa ./firmware/CMSIS/startup_gcc/newlib_stubs.o
 .text._fork    0x0000000000000000       0x16 ./firmware/CMSIS/startup_gcc/newlib_stubs.o
 .text._fstat   0x0000000000000000       0x1e ./firmware/CMSIS/startup_gcc/newlib_stubs.o
 .text._getpid  0x0000000000000000        0xe ./firmware/CMSIS/startup_gcc/newlib_stubs.o
 .text._isatty  0x0000000000000000       0x14 ./firmware/CMSIS/startup_gcc/newlib_stubs.o
 .text._kill    0x0000000000000000       0x20 ./firmware/CMSIS/startup_gcc/newlib_stubs.o
 .text._link    0x0000000000000000       0x20 ./firmware/CMSIS/startup_gcc/newlib_stubs.o
 .text._lseek   0x0000000000000000       0x18 ./firmware/CMSIS/startup_gcc/newlib_stubs.o
 .text._open    0x0000000000000000       0x1a ./firmware/CMSIS/startup_gcc/newlib_stubs.o
 .text._read    0x0000000000000000       0x18 ./firmware/CMSIS/startup_gcc/newlib_stubs.o
 .text._write_r
                0x0000000000000000       0x1a ./firmware/CMSIS/startup_gcc/newlib_stubs.o
 .bss.heap_end.5417
                0x0000000000000000        0x4 ./firmware/CMSIS/startup_gcc/newlib_stubs.o
 .rodata        0x0000000000000000       0x30 ./firmware/CMSIS/startup_gcc/newlib_stubs.o
 .text._sbrk    0x0000000000000000       0x9c ./firmware/CMSIS/startup_gcc/newlib_stubs.o
 .text._stat    0x0000000000000000       0x1e ./firmware/CMSIS/startup_gcc/newlib_stubs.o
 .text._times   0x0000000000000000       0x16 ./firmware/CMSIS/startup_gcc/newlib_stubs.o
 .text._unlink  0x0000000000000000       0x1e ./firmware/CMSIS/startup_gcc/newlib_stubs.o
 .text._wait    0x0000000000000000       0x1e ./firmware/CMSIS/startup_gcc/newlib_stubs.o
 .debug_info    0x0000000000000000     0x1071 ./firmware/CMSIS/startup_gcc/newlib_stubs.o
 .debug_abbrev  0x0000000000000000      0x333 ./firmware/CMSIS/startup_gcc/newlib_stubs.o
 .debug_aranges
                0x0000000000000000       0xa8 ./firmware/CMSIS/startup_gcc/newlib_stubs.o
 .debug_ranges  0x0000000000000000       0x98 ./firmware/CMSIS/startup_gcc/newlib_stubs.o
 .debug_macro   0x0000000000000000      0x1fa ./firmware/CMSIS/startup_gcc/newlib_stubs.o
 .debug_macro   0x0000000000000000      0xa84 ./firmware/CMSIS/startup_gcc/newlib_stubs.o
 .debug_macro   0x0000000000000000       0x18 ./firmware/CMSIS/startup_gcc/newlib_stubs.o
 .debug_macro   0x0000000000000000       0x22 ./firmware/CMSIS/startup_gcc/newlib_stubs.o
 .debug_macro   0x0000000000000000       0x5e ./firmware/CMSIS/startup_gcc/newlib_stubs.o
 .debug_macro   0x0000000000000000       0x94 ./firmware/CMSIS/startup_gcc/newlib_stubs.o
 .debug_macro   0x0000000000000000       0x35 ./firmware/CMSIS/startup_gcc/newlib_stubs.o
 .debug_macro   0x0000000000000000       0x34 ./firmware/CMSIS/startup_gcc/newlib_stubs.o
 .debug_macro   0x0000000000000000       0x16 ./firmware/CMSIS/startup_gcc/newlib_stubs.o
 .debug_macro   0x0000000000000000      0x10e ./firmware/CMSIS/startup_gcc/newlib_stubs.o
 .debug_macro   0x0000000000000000       0x8d ./firmware/CMSIS/startup_gcc/newlib_stubs.o
 .debug_macro   0x0000000000000000       0x57 ./firmware/CMSIS/startup_gcc/newlib_stubs.o
 .debug_macro   0x0000000000000000       0x58 ./firmware/CMSIS/startup_gcc/newlib_stubs.o
 .debug_macro   0x0000000000000000       0x1f ./firmware/CMSIS/startup_gcc/newlib_stubs.o
 .debug_macro   0x0000000000000000       0x43 ./firmware/CMSIS/startup_gcc/newlib_stubs.o
 .debug_macro   0x0000000000000000       0x20 ./firmware/CMSIS/startup_gcc/newlib_stubs.o
 .debug_macro   0x0000000000000000      0x18e ./firmware/CMSIS/startup_gcc/newlib_stubs.o
 .debug_macro   0x0000000000000000      0x339 ./firmware/CMSIS/startup_gcc/newlib_stubs.o
 .debug_macro   0x0000000000000000       0x16 ./firmware/CMSIS/startup_gcc/newlib_stubs.o
 .debug_macro   0x0000000000000000       0x29 ./firmware/CMSIS/startup_gcc/newlib_stubs.o
 .debug_macro   0x0000000000000000       0x16 ./firmware/CMSIS/startup_gcc/newlib_stubs.o
 .debug_macro   0x0000000000000000       0x10 ./firmware/CMSIS/startup_gcc/newlib_stubs.o
 .debug_macro   0x0000000000000000       0x35 ./firmware/CMSIS/startup_gcc/newlib_stubs.o
 .debug_macro   0x0000000000000000       0x6a ./firmware/CMSIS/startup_gcc/newlib_stubs.o
 .debug_macro   0x0000000000000000       0x1c ./firmware/CMSIS/startup_gcc/newlib_stubs.o
 .debug_macro   0x0000000000000000       0x52 ./firmware/CMSIS/startup_gcc/newlib_stubs.o
 .debug_macro   0x0000000000000000       0x40 ./firmware/CMSIS/startup_gcc/newlib_stubs.o
 .debug_macro   0x0000000000000000       0x10 ./firmware/CMSIS/startup_gcc/newlib_stubs.o
 .debug_macro   0x0000000000000000       0x40 ./firmware/CMSIS/startup_gcc/newlib_stubs.o
 .debug_macro   0x0000000000000000       0xd7 ./firmware/CMSIS/startup_gcc/newlib_stubs.o
 .debug_macro   0x0000000000000000       0x1c ./firmware/CMSIS/startup_gcc/newlib_stubs.o
 .debug_macro   0x0000000000000000       0x3d ./firmware/CMSIS/startup_gcc/newlib_stubs.o
 .debug_macro   0x0000000000000000      0x51a ./firmware/CMSIS/startup_gcc/newlib_stubs.o
 .debug_macro   0x0000000000000000       0x16 ./firmware/CMSIS/startup_gcc/newlib_stubs.o
 .debug_macro   0x0000000000000000       0x10 ./firmware/CMSIS/startup_gcc/newlib_stubs.o
 .debug_macro   0x0000000000000000       0x10 ./firmware/CMSIS/startup_gcc/newlib_stubs.o
 .debug_macro   0x0000000000000000       0x35 ./firmware/CMSIS/startup_gcc/newlib_stubs.o
 .debug_macro   0x0000000000000000      0x122 ./firmware/CMSIS/startup_gcc/newlib_stubs.o
 .debug_macro   0x0000000000000000       0x10 ./firmware/CMSIS/startup_gcc/newlib_stubs.o
 .debug_macro   0x0000000000000000      0x241 ./firmware/CMSIS/startup_gcc/newlib_stubs.o
 .debug_line    0x0000000000000000      0x4f5 ./firmware/CMSIS/startup_gcc/newlib_stubs.o
 .debug_str     0x0000000000000000     0x8a37 ./firmware/CMSIS/startup_gcc/newlib_stubs.o
 .comment       0x0000000000000000       0x67 ./firmware/CMSIS/startup_gcc/newlib_stubs.o
 .debug_frame   0x0000000000000000      0x2a8 ./firmware/CMSIS/startup_gcc/newlib_stubs.o
 .text          0x0000000000000000        0x0 ./firmware/CMSIS/startup_gcc/startup_m2sxxx.o
 .data          0x0000000000000000        0x0 ./firmware/CMSIS/startup_gcc/startup_m2sxxx.o
 .bss           0x0000000000000000        0x0 ./firmware/CMSIS/startup_gcc/startup_m2sxxx.o
 .group         0x0000000000000000        0xc ./firmware/CMSIS/system_m2sxxx.o
 .group         0x0000000000000000        0xc ./firmware/CMSIS/system_m2sxxx.o
 .group         0x0000000000000000        0xc ./firmware/CMSIS/system_m2sxxx.o
 .group         0x0000000000000000        0xc ./firmware/CMSIS/system_m2sxxx.o
 .group         0x0000000000000000        0xc ./firmware/CMSIS/system_m2sxxx.o
 .group         0x0000000000000000        0xc ./firmware/CMSIS/system_m2sxxx.o
 .group         0x0000000000000000        0xc ./firmware/CMSIS/system_m2sxxx.o
 .group         0x0000000000000000        0xc ./firmware/CMSIS/system_m2sxxx.o
 .group         0x0000000000000000        0xc ./firmware/CMSIS/system_m2sxxx.o
 .group         0x0000000000000000        0xc ./firmware/CMSIS/system_m2sxxx.o
 .group         0x0000000000000000        0xc ./firmware/CMSIS/system_m2sxxx.o
 .group         0x0000000000000000        0xc ./firmware/CMSIS/system_m2sxxx.o
 .group         0x0000000000000000        0xc ./firmware/CMSIS/system_m2sxxx.o
 .text          0x0000000000000000        0x0 ./firmware/CMSIS/system_m2sxxx.o
 .data          0x0000000000000000        0x0 ./firmware/CMSIS/system_m2sxxx.o
 .bss           0x0000000000000000        0x0 ./firmware/CMSIS/system_m2sxxx.o
 .data.SystemCoreClock
                0x0000000000000000        0x4 ./firmware/CMSIS/system_m2sxxx.o
 .data.g_FrequencyPCLK0
                0x0000000000000000        0x4 ./firmware/CMSIS/system_m2sxxx.o
 .data.g_FrequencyPCLK1
                0x0000000000000000        0x4 ./firmware/CMSIS/system_m2sxxx.o
 .data.g_FrequencyPCLK2
                0x0000000000000000        0x4 ./firmware/CMSIS/system_m2sxxx.o
 .data.g_FrequencyFIC0
                0x0000000000000000        0x4 ./firmware/CMSIS/system_m2sxxx.o
 .data.g_FrequencyFIC1
                0x0000000000000000        0x4 ./firmware/CMSIS/system_m2sxxx.o
 .data.g_FrequencyFIC64
                0x0000000000000000        0x4 ./firmware/CMSIS/system_m2sxxx.o
 .rodata        0x0000000000000000        0x8 ./firmware/CMSIS/system_m2sxxx.o
 .text.SystemCoreClockUpdate
                0x0000000000000000       0xfc ./firmware/CMSIS/system_m2sxxx.o
 .text.get_rcosc_25_50mhz_frequency
                0x0000000000000000       0x3c ./firmware/CMSIS/system_m2sxxx.o
 .text.set_clock_frequency_globals
                0x0000000000000000       0x5c ./firmware/CMSIS/system_m2sxxx.o
 .debug_macro   0x0000000000000000      0xa84 ./firmware/CMSIS/system_m2sxxx.o
 .debug_macro   0x0000000000000000       0x26 ./firmware/CMSIS/system_m2sxxx.o
 .debug_macro   0x0000000000000000       0x22 ./firmware/CMSIS/system_m2sxxx.o
 .debug_macro   0x0000000000000000       0x22 ./firmware/CMSIS/system_m2sxxx.o
 .debug_macro   0x0000000000000000       0x8e ./firmware/CMSIS/system_m2sxxx.o
 .debug_macro   0x0000000000000000       0x51 ./firmware/CMSIS/system_m2sxxx.o
 .debug_macro   0x0000000000000000       0xef ./firmware/CMSIS/system_m2sxxx.o
 .debug_macro   0x0000000000000000       0x6a ./firmware/CMSIS/system_m2sxxx.o
 .debug_macro   0x0000000000000000      0x1df ./firmware/CMSIS/system_m2sxxx.o
 .debug_macro   0x0000000000000000      0x7b7 ./firmware/CMSIS/system_m2sxxx.o
 .debug_macro   0x0000000000000000      0x265 ./firmware/CMSIS/system_m2sxxx.o
 .debug_macro   0x0000000000000000       0x3a ./firmware/CMSIS/system_m2sxxx.o
 .debug_macro   0x0000000000000000       0x34 ./firmware/CMSIS/system_m2sxxx.o
 .group         0x0000000000000000        0xc ./main.o
 .group         0x0000000000000000        0xc ./main.o
 .group         0x0000000000000000        0xc ./main.o
 .group         0x0000000000000000        0xc ./main.o
 .group         0x0000000000000000        0xc ./main.o
 .group         0x0000000000000000        0xc ./main.o
 .group         0x0000000000000000        0xc ./main.o
 .text          0x0000000000000000        0x0 ./main.o
 .data          0x0000000000000000        0x0 ./main.o
 .bss           0x0000000000000000        0x0 ./main.o
 .debug_macro   0x0000000000000000      0xa84 ./main.o
 .debug_macro   0x0000000000000000       0x22 ./main.o
 .debug_macro   0x0000000000000000       0x8e ./main.o
 .debug_macro   0x0000000000000000       0x51 ./main.o
 .debug_macro   0x0000000000000000       0xef ./main.o
 .debug_macro   0x0000000000000000       0x6a ./main.o
 .debug_macro   0x0000000000000000      0x1df ./main.o
 .text          0x0000000000000000        0x0 e:/soft/arm-none-eabi-gcc/bin/../lib/gcc/arm-none-eabi/9.2.1/../../../../arm-none-eabi/lib/thumb/v7-m/nofp\libg.a(lib_a-errno.o)
 .data          0x0000000000000000        0x0 e:/soft/arm-none-eabi-gcc/bin/../lib/gcc/arm-none-eabi/9.2.1/../../../../arm-none-eabi/lib/thumb/v7-m/nofp\libg.a(lib_a-errno.o)
 .bss           0x0000000000000000        0x0 e:/soft/arm-none-eabi-gcc/bin/../lib/gcc/arm-none-eabi/9.2.1/../../../../arm-none-eabi/lib/thumb/v7-m/nofp\libg.a(lib_a-errno.o)
 .text.__errno  0x0000000000000000        0xc e:/soft/arm-none-eabi-gcc/bin/../lib/gcc/arm-none-eabi/9.2.1/../../../../arm-none-eabi/lib/thumb/v7-m/nofp\libg.a(lib_a-errno.o)
 .debug_frame   0x0000000000000000       0x20 e:/soft/arm-none-eabi-gcc/bin/../lib/gcc/arm-none-eabi/9.2.1/../../../../arm-none-eabi/lib/thumb/v7-m/nofp\libg.a(lib_a-errno.o)
 .text          0x0000000000000000        0x0 e:/soft/arm-none-eabi-gcc/bin/../lib/gcc/arm-none-eabi/9.2.1/../../../../arm-none-eabi/lib/thumb/v7-m/nofp\libg.a(lib_a-exit.o)
 .data          0x0000000000000000        0x0 e:/soft/arm-none-eabi-gcc/bin/../lib/gcc/arm-none-eabi/9.2.1/../../../../arm-none-eabi/lib/thumb/v7-m/nofp\libg.a(lib_a-exit.o)
 .bss           0x0000000000000000        0x0 e:/soft/arm-none-eabi-gcc/bin/../lib/gcc/arm-none-eabi/9.2.1/../../../../arm-none-eabi/lib/thumb/v7-m/nofp\libg.a(lib_a-exit.o)
 .text.exit     0x0000000000000000       0x20 e:/soft/arm-none-eabi-gcc/bin/../lib/gcc/arm-none-eabi/9.2.1/../../../../arm-none-eabi/lib/thumb/v7-m/nofp\libg.a(lib_a-exit.o)
 .debug_frame   0x0000000000000000       0x28 e:/soft/arm-none-eabi-gcc/bin/../lib/gcc/arm-none-eabi/9.2.1/../../../../arm-none-eabi/lib/thumb/v7-m/nofp\libg.a(lib_a-exit.o)
 .text          0x0000000000000000        0x0 e:/soft/arm-none-eabi-gcc/bin/../lib/gcc/arm-none-eabi/9.2.1/../../../../arm-none-eabi/lib/thumb/v7-m/nofp\libg.a(lib_a-impure.o)
 .data          0x0000000000000000        0x0 e:/soft/arm-none-eabi-gcc/bin/../lib/gcc/arm-none-eabi/9.2.1/../../../../arm-none-eabi/lib/thumb/v7-m/nofp\libg.a(lib_a-impure.o)
 .bss           0x0000000000000000        0x0 e:/soft/arm-none-eabi-gcc/bin/../lib/gcc/arm-none-eabi/9.2.1/../../../../arm-none-eabi/lib/thumb/v7-m/nofp\libg.a(lib_a-impure.o)
 .data._impure_ptr
                0x0000000000000000        0x4 e:/soft/arm-none-eabi-gcc/bin/../lib/gcc/arm-none-eabi/9.2.1/../../../../arm-none-eabi/lib/thumb/v7-m/nofp\libg.a(lib_a-impure.o)
 .text          0x0000000000000000        0x0 e:/soft/arm-none-eabi-gcc/bin/../lib/gcc/arm-none-eabi/9.2.1/../../../../arm-none-eabi/lib/thumb/v7-m/nofp\libg.a(lib_a-init.o)
 .data          0x0000000000000000        0x0 e:/soft/arm-none-eabi-gcc/bin/../lib/gcc/arm-none-eabi/9.2.1/../../../../arm-none-eabi/lib/thumb/v7-m/nofp\libg.a(lib_a-init.o)
 .bss           0x0000000000000000        0x0 e:/soft/arm-none-eabi-gcc/bin/../lib/gcc/arm-none-eabi/9.2.1/../../../../arm-none-eabi/lib/thumb/v7-m/nofp\libg.a(lib_a-init.o)
 .text          0x0000000000000000       0xec e:/soft/arm-none-eabi-gcc/bin/../lib/gcc/arm-none-eabi/9.2.1/../../../../arm-none-eabi/lib/thumb/v7-m/nofp\libg.a(lib_a-memcpy.o)
 .data          0x0000000000000000        0x0 e:/soft/arm-none-eabi-gcc/bin/../lib/gcc/arm-none-eabi/9.2.1/../../../../arm-none-eabi/lib/thumb/v7-m/nofp\libg.a(lib_a-memcpy.o)
 .bss           0x0000000000000000        0x0 e:/soft/arm-none-eabi-gcc/bin/../lib/gcc/arm-none-eabi/9.2.1/../../../../arm-none-eabi/lib/thumb/v7-m/nofp\libg.a(lib_a-memcpy.o)
 .text          0x0000000000000000        0x0 e:/soft/arm-none-eabi-gcc/bin/../lib/gcc/arm-none-eabi/9.2.1/../../../../arm-none-eabi/lib/thumb/v7-m/nofp\libg.a(lib_a-memset.o)
 .data          0x0000000000000000        0x0 e:/soft/arm-none-eabi-gcc/bin/../lib/gcc/arm-none-eabi/9.2.1/../../../../arm-none-eabi/lib/thumb/v7-m/nofp\libg.a(lib_a-memset.o)
 .bss           0x0000000000000000        0x0 e:/soft/arm-none-eabi-gcc/bin/../lib/gcc/arm-none-eabi/9.2.1/../../../../arm-none-eabi/lib/thumb/v7-m/nofp\libg.a(lib_a-memset.o)
 .text.memset   0x0000000000000000       0xa0 e:/soft/arm-none-eabi-gcc/bin/../lib/gcc/arm-none-eabi/9.2.1/../../../../arm-none-eabi/lib/thumb/v7-m/nofp\libg.a(lib_a-memset.o)
 .debug_frame   0x0000000000000000       0x38 e:/soft/arm-none-eabi-gcc/bin/../lib/gcc/arm-none-eabi/9.2.1/../../../../arm-none-eabi/lib/thumb/v7-m/nofp\libg.a(lib_a-memset.o)
 .text          0x0000000000000000        0x0 e:/soft/arm-none-eabi-gcc/bin/../lib/gcc/arm-none-eabi/9.2.1/../../../../arm-none-eabi/lib/thumb/v7-m/nofp\libg.a(lib_a-__call_atexit.o)
 .data          0x0000000000000000        0x0 e:/soft/arm-none-eabi-gcc/bin/../lib/gcc/arm-none-eabi/9.2.1/../../../../arm-none-eabi/lib/thumb/v7-m/nofp\libg.a(lib_a-__call_atexit.o)
 .bss           0x0000000000000000        0x0 e:/soft/arm-none-eabi-gcc/bin/../lib/gcc/arm-none-eabi/9.2.1/../../../../arm-none-eabi/lib/thumb/v7-m/nofp\libg.a(lib_a-__call_atexit.o)
 .text.__call_exitprocs
                0x0000000000000000       0xc0 e:/soft/arm-none-eabi-gcc/bin/../lib/gcc/arm-none-eabi/9.2.1/../../../../arm-none-eabi/lib/thumb/v7-m/nofp\libg.a(lib_a-__call_atexit.o)
 .text          0x0000000000000000        0x0 e:/soft/arm-none-eabi-gcc/bin/../lib/gcc/arm-none-eabi/9.2.1/../../../../arm-none-eabi/lib/thumb/v7-m/nofp\libg.a(lib_a-atexit.o)
 .data          0x0000000000000000        0x0 e:/soft/arm-none-eabi-gcc/bin/../lib/gcc/arm-none-eabi/9.2.1/../../../../arm-none-eabi/lib/thumb/v7-m/nofp\libg.a(lib_a-atexit.o)
 .bss           0x0000000000000000        0x0 e:/soft/arm-none-eabi-gcc/bin/../lib/gcc/arm-none-eabi/9.2.1/../../../../arm-none-eabi/lib/thumb/v7-m/nofp\libg.a(lib_a-atexit.o)
 .text          0x0000000000000000        0x0 e:/soft/arm-none-eabi-gcc/bin/../lib/gcc/arm-none-eabi/9.2.1/../../../../arm-none-eabi/lib/thumb/v7-m/nofp\libg.a(lib_a-fini.o)
 .data          0x0000000000000000        0x0 e:/soft/arm-none-eabi-gcc/bin/../lib/gcc/arm-none-eabi/9.2.1/../../../../arm-none-eabi/lib/thumb/v7-m/nofp\libg.a(lib_a-fini.o)
 .bss           0x0000000000000000        0x0 e:/soft/arm-none-eabi-gcc/bin/../lib/gcc/arm-none-eabi/9.2.1/../../../../arm-none-eabi/lib/thumb/v7-m/nofp\libg.a(lib_a-fini.o)
 .text          0x0000000000000000        0x0 e:/soft/arm-none-eabi-gcc/bin/../lib/gcc/arm-none-eabi/9.2.1/../../../../arm-none-eabi/lib/thumb/v7-m/nofp\libg.a(lib_a-lock.o)
 .data          0x0000000000000000        0x0 e:/soft/arm-none-eabi-gcc/bin/../lib/gcc/arm-none-eabi/9.2.1/../../../../arm-none-eabi/lib/thumb/v7-m/nofp\libg.a(lib_a-lock.o)
 .bss           0x0000000000000000        0x0 e:/soft/arm-none-eabi-gcc/bin/../lib/gcc/arm-none-eabi/9.2.1/../../../../arm-none-eabi/lib/thumb/v7-m/nofp\libg.a(lib_a-lock.o)
 .text.__retarget_lock_init
                0x0000000000000000        0x4 e:/soft/arm-none-eabi-gcc/bin/../lib/gcc/arm-none-eabi/9.2.1/../../../../arm-none-eabi/lib/thumb/v7-m/nofp\libg.a(lib_a-lock.o)
 .text.__retarget_lock_init_recursive
                0x0000000000000000        0x4 e:/soft/arm-none-eabi-gcc/bin/../lib/gcc/arm-none-eabi/9.2.1/../../../../arm-none-eabi/lib/thumb/v7-m/nofp\libg.a(lib_a-lock.o)
 .text.__retarget_lock_close
                0x0000000000000000        0x4 e:/soft/arm-none-eabi-gcc/bin/../lib/gcc/arm-none-eabi/9.2.1/../../../../arm-none-eabi/lib/thumb/v7-m/nofp\libg.a(lib_a-lock.o)
 .text.__retarget_lock_close_recursive
                0x0000000000000000        0x4 e:/soft/arm-none-eabi-gcc/bin/../lib/gcc/arm-none-eabi/9.2.1/../../../../arm-none-eabi/lib/thumb/v7-m/nofp\libg.a(lib_a-lock.o)
 .text.__retarget_lock_acquire
                0x0000000000000000        0x4 e:/soft/arm-none-eabi-gcc/bin/../lib/gcc/arm-none-eabi/9.2.1/../../../../arm-none-eabi/lib/thumb/v7-m/nofp\libg.a(lib_a-lock.o)
 .text.__retarget_lock_try_acquire
                0x0000000000000000        0x4 e:/soft/arm-none-eabi-gcc/bin/../lib/gcc/arm-none-eabi/9.2.1/../../../../arm-none-eabi/lib/thumb/v7-m/nofp\libg.a(lib_a-lock.o)
 .text.__retarget_lock_try_acquire_recursive
                0x0000000000000000        0x4 e:/soft/arm-none-eabi-gcc/bin/../lib/gcc/arm-none-eabi/9.2.1/../../../../arm-none-eabi/lib/thumb/v7-m/nofp\libg.a(lib_a-lock.o)
 .text.__retarget_lock_release
                0x0000000000000000        0x4 e:/soft/arm-none-eabi-gcc/bin/../lib/gcc/arm-none-eabi/9.2.1/../../../../arm-none-eabi/lib/thumb/v7-m/nofp\libg.a(lib_a-lock.o)
 .text          0x0000000000000000        0x0 e:/soft/arm-none-eabi-gcc/bin/../lib/gcc/arm-none-eabi/9.2.1/../../../../arm-none-eabi/lib/thumb/v7-m/nofp\libg.a(lib_a-__atexit.o)
 .data          0x0000000000000000        0x0 e:/soft/arm-none-eabi-gcc/bin/../lib/gcc/arm-none-eabi/9.2.1/../../../../arm-none-eabi/lib/thumb/v7-m/nofp\libg.a(lib_a-__atexit.o)
 .bss           0x0000000000000000        0x0 e:/soft/arm-none-eabi-gcc/bin/../lib/gcc/arm-none-eabi/9.2.1/../../../../arm-none-eabi/lib/thumb/v7-m/nofp\libg.a(lib_a-__atexit.o)
 .text          0x0000000000000000        0x0 e:/soft/arm-none-eabi-gcc/bin/../lib/gcc/arm-none-eabi/9.2.1/thumb/v7-m/nofp/crtend.o
 .data          0x0000000000000000        0x0 e:/soft/arm-none-eabi-gcc/bin/../lib/gcc/arm-none-eabi/9.2.1/thumb/v7-m/nofp/crtend.o
 .bss           0x0000000000000000        0x0 e:/soft/arm-none-eabi-gcc/bin/../lib/gcc/arm-none-eabi/9.2.1/thumb/v7-m/nofp/crtend.o
 .eh_frame      0x0000000000000000        0x4 e:/soft/arm-none-eabi-gcc/bin/../lib/gcc/arm-none-eabi/9.2.1/thumb/v7-m/nofp/crtend.o
 .text          0x0000000000000000        0x0 e:/soft/arm-none-eabi-gcc/bin/../lib/gcc/arm-none-eabi/9.2.1/thumb/v7-m/nofp/crtn.o
 .data          0x0000000000000000        0x0 e:/soft/arm-none-eabi-gcc/bin/../lib/gcc/arm-none-eabi/9.2.1/thumb/v7-m/nofp/crtn.o
 .bss           0x0000000000000000        0x0 e:/soft/arm-none-eabi-gcc/bin/../lib/gcc/arm-none-eabi/9.2.1/thumb/v7-m/nofp/crtn.o

Memory Configuration

Name             Origin             Length             Attributes
ram              0x0000000020000000 0x0000000000010000 xrw
*default*        0x0000000000000000 0xffffffffffffffff

Linker script and memory map

LOAD e:/soft/arm-none-eabi-gcc/bin/../lib/gcc/arm-none-eabi/9.2.1/thumb/v7-m/nofp/crti.o
LOAD e:/soft/arm-none-eabi-gcc/bin/../lib/gcc/arm-none-eabi/9.2.1/thumb/v7-m/nofp/crtbegin.o
LOAD e:/soft/arm-none-eabi-gcc/bin/../lib/gcc/arm-none-eabi/9.2.1/../../../../arm-none-eabi/lib/thumb/v7-m/nofp/crt0.o
LOAD ./firmware/hal/CortexM3/GNU/hal.o
LOAD ./firmware/hal/CortexM3/GNU/hw_reg_access.o
LOAD ./firmware/hal/CortexM3/cortex_nvic.o
LOAD ./firmware/drivers_config/sys_config/sys_config.o
LOAD ./firmware/drivers/mss_sys_services/mss_comblk.o
LOAD ./firmware/drivers/mss_sys_services/mss_sys_services.o
LOAD ./firmware/CMSIS/startup_gcc/newlib_stubs.o
LOAD ./firmware/CMSIS/startup_gcc/startup_m2sxxx.o
LOAD ./firmware/CMSIS/system_m2sxxx.o
LOAD ./main.o
START GROUP
LOAD e:/soft/arm-none-eabi-gcc/bin/../lib/gcc/arm-none-eabi/9.2.1/thumb/v7-m/nofp\libgcc.a
LOAD e:/soft/arm-none-eabi-gcc/bin/../lib/gcc/arm-none-eabi/9.2.1/../../../../arm-none-eabi/lib/thumb/v7-m/nofp\libg.a
LOAD e:/soft/arm-none-eabi-gcc/bin/../lib/gcc/arm-none-eabi/9.2.1/../../../../arm-none-eabi/lib/thumb/v7-m/nofp\libc.a
END GROUP
LOAD e:/soft/arm-none-eabi-gcc/bin/../lib/gcc/arm-none-eabi/9.2.1/thumb/v7-m/nofp/crtend.o
LOAD e:/soft/arm-none-eabi-gcc/bin/../lib/gcc/arm-none-eabi/9.2.1/thumb/v7-m/nofp/crtn.o
START GROUP
LOAD e:/soft/arm-none-eabi-gcc/bin/../lib/gcc/arm-none-eabi/9.2.1/../../../../arm-none-eabi/lib/thumb/v7-m/nofp\libc.a
LOAD e:/soft/arm-none-eabi-gcc/bin/../lib/gcc/arm-none-eabi/9.2.1/thumb/v7-m/nofp\libgcc.a
LOAD e:/soft/arm-none-eabi-gcc/bin/../lib/gcc/arm-none-eabi/9.2.1/../../../../arm-none-eabi/lib/thumb/v7-m/nofp\libm.a
END GROUP
                0x0000000000000000                __DYNAMIC = 0x0
                0x0000000020000000                RAM_START_ADDRESS = 0x20000000
                0x0000000000010000                RAM_SIZE = 0x10000
                0x0000000000001000                MAIN_STACK_SIZE = 0x1000
                0x0000000000001000                MIN_SIZE_HEAP = 0x1000
                0x0000000020010000                PROVIDE (__main_stack_start = (RAM_START_ADDRESS + RAM_SIZE))
                0x0000000020010000                PROVIDE (_estack = __main_stack_start)
                0x0000000000000000                PROVIDE (__mirrored_nvm = 0x0)
                0x0000000000000000                PROVIDE (__smartfusion2_memory_remap = 0x0)

.vector_table   0x0000000020000000      0x190
                0x0000000020000000                __vector_table_load = LOADADDR (.vector_table)
                0x0000000020000000                __vector_table_start = .
                0x0000000020000000                __vector_table_vma_base_address = .
 *(.isr_vector)
 .isr_vector    0x0000000020000000      0x190 ./firmware/CMSIS/startup_gcc/startup_m2sxxx.o
                0x0000000020000000                g_pfnVectors
                0x0000000020000190                . = ALIGN (0x10)
                0x0000000020000190                _evector_table = .

.boot_code      0x0000000020000190      0x320
 *(.boot_code)
 .boot_code     0x0000000020000190      0x31c ./firmware/CMSIS/startup_gcc/startup_m2sxxx.o
                0x0000000020000190                Reset_Handler
                0x000000002000037e                NMI_Handler
                0x0000000020000380                HardFault_Handler
                0x0000000020000382                MemManage_Handler
                0x0000000020000384                BusFault_Handler
                0x0000000020000386                UsageFault_Handler
                0x0000000020000388                SVC_Handler
                0x000000002000038a                DebugMon_Handler
                0x000000002000038c                PendSV_Handler
                0x000000002000038e                SysTick_Handler
                0x0000000020000390                WdogWakeup_IRQHandler
                0x0000000020000392                RTC_Wakeup_IRQHandler
                0x0000000020000394                SPI0_IRQHandler
                0x0000000020000396                SPI1_IRQHandler
                0x0000000020000398                I2C0_IRQHandler
                0x000000002000039a                I2C0_SMBAlert_IRQHandler
                0x000000002000039c                I2C0_SMBus_IRQHandler
                0x000000002000039e                I2C1_IRQHandler
                0x00000000200003a0                I2C1_SMBAlert_IRQHandler
                0x00000000200003a2                I2C1_SMBus_IRQHandler
                0x00000000200003a4                UART0_IRQHandler
                0x00000000200003a6                UART1_IRQHandler
                0x00000000200003a8                EthernetMAC_IRQHandler
                0x00000000200003aa                DMA_IRQHandler
                0x00000000200003ac                Timer1_IRQHandler
                0x00000000200003ae                Timer2_IRQHandler
                0x00000000200003b0                CAN_IRQHandler
                0x00000000200003b2                ENVM0_IRQHandler
                0x00000000200003b4                ENVM1_IRQHandler
                0x00000000200003b8                USB_IRQHandler
                0x00000000200003ba                USB_DMA_IRQHandler
                0x00000000200003bc                PLL_Lock_IRQHandler
                0x00000000200003be                PLL_LockLost_IRQHandler
                0x00000000200003c0                CommSwitchError_IRQHandler
                0x00000000200003c2                CacheError_IRQHandler
                0x00000000200003c4                DDR_IRQHandler
                0x00000000200003c6                HPDMA_Complete_IRQHandler
                0x00000000200003c8                HPDMA_Error_IRQHandler
                0x00000000200003ca                ECC_Error_IRQHandler
                0x00000000200003cc                MDDR_IOCalib_IRQHandler
                0x00000000200003ce                FAB_PLL_Lock_IRQHandler
                0x00000000200003d0                FAB_PLL_LockLost_IRQHandler
                0x00000000200003d2                FIC64_IRQHandler
                0x00000000200003d4                FabricIrq0_IRQHandler
                0x00000000200003d6                FabricIrq1_IRQHandler
                0x00000000200003d8                FabricIrq2_IRQHandler
                0x00000000200003da                FabricIrq3_IRQHandler
                0x00000000200003dc                FabricIrq4_IRQHandler
                0x00000000200003de                FabricIrq5_IRQHandler
                0x00000000200003e0                FabricIrq6_IRQHandler
                0x00000000200003e2                FabricIrq7_IRQHandler
                0x00000000200003e4                FabricIrq8_IRQHandler
                0x00000000200003e6                FabricIrq9_IRQHandler
                0x00000000200003e8                FabricIrq10_IRQHandler
                0x00000000200003ea                FabricIrq11_IRQHandler
                0x00000000200003ec                FabricIrq12_IRQHandler
                0x00000000200003ee                FabricIrq13_IRQHandler
                0x00000000200003f0                FabricIrq14_IRQHandler
                0x00000000200003f2                FabricIrq15_IRQHandler
                0x00000000200003f4                GPIO0_IRQHandler
                0x00000000200003f6                GPIO1_IRQHandler
                0x00000000200003f8                GPIO2_IRQHandler
                0x00000000200003fa                GPIO3_IRQHandler
                0x00000000200003fc                GPIO4_IRQHandler
                0x00000000200003fe                GPIO5_IRQHandler
                0x0000000020000400                GPIO6_IRQHandler
                0x0000000020000402                GPIO7_IRQHandler
                0x0000000020000404                GPIO8_IRQHandler
                0x0000000020000406                GPIO9_IRQHandler
                0x0000000020000408                GPIO10_IRQHandler
                0x000000002000040a                GPIO11_IRQHandler
                0x000000002000040c                GPIO12_IRQHandler
                0x000000002000040e                GPIO13_IRQHandler
                0x0000000020000410                GPIO14_IRQHandler
                0x0000000020000412                GPIO15_IRQHandler
                0x0000000020000414                GPIO16_IRQHandler
                0x0000000020000416                GPIO17_IRQHandler
                0x0000000020000418                GPIO18_IRQHandler
                0x000000002000041a                GPIO19_IRQHandler
                0x000000002000041c                GPIO20_IRQHandler
                0x000000002000041e                GPIO21_IRQHandler
                0x0000000020000420                GPIO22_IRQHandler
                0x0000000020000422                GPIO23_IRQHandler
                0x0000000020000424                GPIO24_IRQHandler
                0x0000000020000426                GPIO25_IRQHandler
                0x0000000020000428                GPIO26_IRQHandler
                0x000000002000042a                GPIO27_IRQHandler
                0x000000002000042c                GPIO28_IRQHandler
                0x000000002000042e                GPIO29_IRQHandler
                0x0000000020000430                GPIO30_IRQHandler
                0x0000000020000432                GPIO31_IRQHandler
                0x0000000020000434                mscc_post_hw_cfg_init
                0x00000000200004b0                . = ALIGN (0x10)
 *fill*         0x00000000200004ac        0x4 

.text           0x00000000200004b0      0x7b0
 CREATE_OBJECT_SYMBOLS
                0x00000000200004b0                __text_load = LOADADDR (.text)
                0x00000000200004b0                __text_start = .
 *(.text .text.* .gnu.linkonce.t.*)
 .text.__do_global_dtors_aux
                0x00000000200004b0       0x24 e:/soft/arm-none-eabi-gcc/bin/../lib/gcc/arm-none-eabi/9.2.1/thumb/v7-m/nofp/crtbegin.o
 .text.frame_dummy
                0x00000000200004d4       0x1c e:/soft/arm-none-eabi-gcc/bin/../lib/gcc/arm-none-eabi/9.2.1/thumb/v7-m/nofp/crtbegin.o
 .text.ComBlk_IRQHandler
                0x00000000200004f0       0x48 ./firmware/drivers/mss_sys_services/mss_comblk.o
                0x00000000200004f0                ComBlk_IRQHandler
 .text.handle_tx_okay_irq
                0x0000000020000538      0x1b0 ./firmware/drivers/mss_sys_services/mss_comblk.o
 .text.handle_rx_okay_irq
                0x00000000200006e8      0x210 ./firmware/drivers/mss_sys_services/mss_comblk.o
 .text.complete_request
                0x00000000200008f8       0x40 ./firmware/drivers/mss_sys_services/mss_comblk.o
 .text.abort_current_cmd
                0x0000000020000938       0x4c ./firmware/drivers/mss_sys_services/mss_comblk.o
 .text.fill_tx_fifo
                0x0000000020000984       0x60 ./firmware/drivers/mss_sys_services/mss_comblk.o
 .text.process_sys_ctrl_command
                0x00000000200009e4       0x28 ./firmware/drivers/mss_sys_services/mss_comblk.o
 .text.SystemInit
                0x0000000020000a0c       0x20 ./firmware/CMSIS/system_m2sxxx.o
                0x0000000020000a0c                SystemInit
 .text.get_silicon_revision
                0x0000000020000a2c       0x48 ./firmware/CMSIS/system_m2sxxx.o
 .text.silicon_workarounds
                0x0000000020000a74       0x22 ./firmware/CMSIS/system_m2sxxx.o
 *fill*         0x0000000020000a96        0x2 
 .text.m2s050_rev_a_workarounds
                0x0000000020000a98       0x30 ./firmware/CMSIS/system_m2sxxx.o
 .text.main     0x0000000020000ac8       0x44 ./main.o
                0x0000000020000ac8                main
 .text.__libc_init_array
                0x0000000020000b0c       0x48 e:/soft/arm-none-eabi-gcc/bin/../lib/gcc/arm-none-eabi/9.2.1/../../../../arm-none-eabi/lib/thumb/v7-m/nofp\libg.a(lib_a-init.o)
                0x0000000020000b0c                __libc_init_array
 .text.startup.register_fini
                0x0000000020000b54       0x14 e:/soft/arm-none-eabi-gcc/bin/../lib/gcc/arm-none-eabi/9.2.1/../../../../arm-none-eabi/lib/thumb/v7-m/nofp\libg.a(lib_a-__call_atexit.o)
 .text.atexit   0x0000000020000b68        0xc e:/soft/arm-none-eabi-gcc/bin/../lib/gcc/arm-none-eabi/9.2.1/../../../../arm-none-eabi/lib/thumb/v7-m/nofp\libg.a(lib_a-atexit.o)
                0x0000000020000b68                atexit
 .text.__libc_fini_array
                0x0000000020000b74       0x2c e:/soft/arm-none-eabi-gcc/bin/../lib/gcc/arm-none-eabi/9.2.1/../../../../arm-none-eabi/lib/thumb/v7-m/nofp\libg.a(lib_a-fini.o)
                0x0000000020000b74                __libc_fini_array
 .text.__retarget_lock_acquire_recursive
                0x0000000020000ba0        0x4 e:/soft/arm-none-eabi-gcc/bin/../lib/gcc/arm-none-eabi/9.2.1/../../../../arm-none-eabi/lib/thumb/v7-m/nofp\libg.a(lib_a-lock.o)
                0x0000000020000ba0                __retarget_lock_acquire_recursive
 .text.__retarget_lock_release_recursive
                0x0000000020000ba4        0x4 e:/soft/arm-none-eabi-gcc/bin/../lib/gcc/arm-none-eabi/9.2.1/../../../../arm-none-eabi/lib/thumb/v7-m/nofp\libg.a(lib_a-lock.o)
                0x0000000020000ba4                __retarget_lock_release_recursive
 .text.__register_exitproc
                0x0000000020000ba8       0x8c e:/soft/arm-none-eabi-gcc/bin/../lib/gcc/arm-none-eabi/9.2.1/../../../../arm-none-eabi/lib/thumb/v7-m/nofp\libg.a(lib_a-__atexit.o)
                0x0000000020000ba8                __register_exitproc
 *(.plt)
 *(.gnu.warning)
 *(.glue_7t)
 .glue_7t       0x0000000020000c34        0x0 linker stubs
 *(.glue_7)
 .glue_7        0x0000000020000c34        0x0 linker stubs
 *(.vfp11_veneer)
 .vfp11_veneer  0x0000000020000c34        0x0 linker stubs
                0x0000000020000c34                . = ALIGN (0x4)
 *crtbegin.o(.ctors)
 *(EXCLUDE_FILE(*crtend.o) .ctors)
 *(SORT_BY_NAME(.ctors.*))
 *crtend.o(.ctors)
 *crtbegin.o(.dtors)
 *(EXCLUDE_FILE(*crtend.o) .dtors)
 *(SORT_BY_NAME(.dtors.*))
 *crtend.o(.dtors)
 *(.rodata .rodata.* .gnu.linkonce.r.*)
 .rodata._global_impure_ptr
                0x0000000020000c34        0x4 e:/soft/arm-none-eabi-gcc/bin/../lib/gcc/arm-none-eabi/9.2.1/../../../../arm-none-eabi/lib/thumb/v7-m/nofp\libg.a(lib_a-impure.o)
                0x0000000020000c34                _global_impure_ptr
 *(.ARM.extab* .gnu.linkonce.armextab.*)
 *(.gcc_except_table)
 *(.eh_frame_hdr)
 *(.eh_frame)
 .eh_frame      0x0000000020000c38        0x0 e:/soft/arm-none-eabi-gcc/bin/../lib/gcc/arm-none-eabi/9.2.1/thumb/v7-m/nofp/crtbegin.o
 *(.vector_table)
 *(.init)
 .init          0x0000000020000c38        0x4 e:/soft/arm-none-eabi-gcc/bin/../lib/gcc/arm-none-eabi/9.2.1/thumb/v7-m/nofp/crti.o
                0x0000000020000c38                _init
 .init          0x0000000020000c3c        0x8 e:/soft/arm-none-eabi-gcc/bin/../lib/gcc/arm-none-eabi/9.2.1/thumb/v7-m/nofp/crtn.o
 *(.fini)
 .fini          0x0000000020000c44        0x4 e:/soft/arm-none-eabi-gcc/bin/../lib/gcc/arm-none-eabi/9.2.1/thumb/v7-m/nofp/crti.o
                0x0000000020000c44                _fini
 .fini          0x0000000020000c48        0x8 e:/soft/arm-none-eabi-gcc/bin/../lib/gcc/arm-none-eabi/9.2.1/thumb/v7-m/nofp/crtn.o
                0x0000000020000c50                PROVIDE (__preinit_array_start = .)
 *(.preinit_array)
                0x0000000020000c50                PROVIDE (__preinit_array_end = .)
                0x0000000020000c50                PROVIDE (__init_array_start = .)
 *(SORT_BY_NAME(.init_array.*))
 .init_array.00000
                0x0000000020000c50        0x4 e:/soft/arm-none-eabi-gcc/bin/../lib/gcc/arm-none-eabi/9.2.1/../../../../arm-none-eabi/lib/thumb/v7-m/nofp\libg.a(lib_a-__call_atexit.o)
 *(.init_array)
 .init_array    0x0000000020000c54        0x4 e:/soft/arm-none-eabi-gcc/bin/../lib/gcc/arm-none-eabi/9.2.1/thumb/v7-m/nofp/crtbegin.o
                0x0000000020000c58                PROVIDE (__init_array_end = .)
                0x0000000020000c58                PROVIDE (__fini_array_start = .)
 *(.fini_array)
 .fini_array    0x0000000020000c58        0x4 e:/soft/arm-none-eabi-gcc/bin/../lib/gcc/arm-none-eabi/9.2.1/thumb/v7-m/nofp/crtbegin.o
 *(SORT_BY_NAME(.fini_array.*))
                0x0000000020000c5c                PROVIDE (__fini_array_end = .)
                0x0000000020000c60                . = ALIGN (0x10)
 *fill*         0x0000000020000c5c        0x4 
                0x0000000020000c60                __exidx_start = .

.v4_bx          0x0000000020000c60        0x0
 .v4_bx         0x0000000020000c60        0x0 linker stubs

.iplt           0x0000000020000c60        0x0
 .iplt          0x0000000020000c60        0x0 e:/soft/arm-none-eabi-gcc/bin/../lib/gcc/arm-none-eabi/9.2.1/thumb/v7-m/nofp/crtbegin.o

.rel.dyn        0x0000000020000c60        0x0
 .rel.iplt      0x0000000020000c60        0x0 e:/soft/arm-none-eabi-gcc/bin/../lib/gcc/arm-none-eabi/9.2.1/thumb/v7-m/nofp/crtbegin.o

.ARM.exidx
 *(.ARM.exidx* .gnu.linkonce.armexidx.*)
                0x0000000020000c60                __exidx_end = .
                0x0000000020000c60                _etext = .
                [!provide]                        PROVIDE (__text_end = .)

.data           0x0000000020000c60      0x430
                0x0000000020000c60                __data_load = LOADADDR (.data)
                0x0000000020000c60                _sidata = LOADADDR (.data)
                0x0000000020000c60                __data_start = .
                0x0000000020000c60                _sdata = .
 *(.jcr)
 *(.got.plt)
 *(.got)
 *(.shdata)
 *(.data .data.* .gnu.linkonce.d.*)
 .data.impure_data
                0x0000000020000c60      0x428 e:/soft/arm-none-eabi-gcc/bin/../lib/gcc/arm-none-eabi/9.2.1/../../../../arm-none-eabi/lib/thumb/v7-m/nofp\libg.a(lib_a-impure.o)
 .data.__atexit_recursive_mutex
                0x0000000020001088        0x4 e:/soft/arm-none-eabi-gcc/bin/../lib/gcc/arm-none-eabi/9.2.1/../../../../arm-none-eabi/lib/thumb/v7-m/nofp\libg.a(lib_a-__call_atexit.o)
                0x0000000020001088                __atexit_recursive_mutex
                0x0000000020001090                . = ALIGN (0x10)
 *fill*         0x000000002000108c        0x4 
                0x0000000020001090                _edata = .

.igot.plt       0x0000000020001090        0x0
 .igot.plt      0x0000000020001090        0x0 e:/soft/arm-none-eabi-gcc/bin/../lib/gcc/arm-none-eabi/9.2.1/thumb/v7-m/nofp/crtbegin.o

.bss            0x0000000020001090       0x70
                0x0000000020001090                __bss_start__ = .
                0x0000000020001090                _sbss = .
 *(.shbss)
 *(.bss .bss.* .gnu.linkonce.b.*)
 .bss.completed.8911
                0x0000000020001090        0x1 e:/soft/arm-none-eabi-gcc/bin/../lib/gcc/arm-none-eabi/9.2.1/thumb/v7-m/nofp/crtbegin.o
 *fill*         0x0000000020001091        0x3 
 .bss.object.8916
                0x0000000020001094       0x18 e:/soft/arm-none-eabi-gcc/bin/../lib/gcc/arm-none-eabi/9.2.1/thumb/v7-m/nofp/crtbegin.o
 .bss.g_comblk_cmd_opcode
                0x00000000200010ac        0x1 ./firmware/drivers/mss_sys_services/mss_comblk.o
 *fill*         0x00000000200010ad        0x3 
 .bss.g_comblk_p_cmd
                0x00000000200010b0        0x4 ./firmware/drivers/mss_sys_services/mss_comblk.o
 .bss.g_comblk_cmd_size
                0x00000000200010b4        0x2 ./firmware/drivers/mss_sys_services/mss_comblk.o
 *fill*         0x00000000200010b6        0x2 
 .bss.g_comblk_p_data
                0x00000000200010b8        0x4 ./firmware/drivers/mss_sys_services/mss_comblk.o
 .bss.g_comblk_data_size
                0x00000000200010bc        0x4 ./firmware/drivers/mss_sys_services/mss_comblk.o
 .bss.g_comblk_p_response
                0x00000000200010c0        0x4 ./firmware/drivers/mss_sys_services/mss_comblk.o
 .bss.g_comblk_response_size
                0x00000000200010c4        0x2 ./firmware/drivers/mss_sys_services/mss_comblk.o
 .bss.g_comblk_response_idx
                0x00000000200010c6        0x2 ./firmware/drivers/mss_sys_services/mss_comblk.o
 .bss.g_comblk_completion_handler
                0x00000000200010c8        0x4 ./firmware/drivers/mss_sys_services/mss_comblk.o
 .bss.g_comblk_page_handler
                0x00000000200010cc        0x4 ./firmware/drivers/mss_sys_services/mss_comblk.o
 .bss.g_request_in_progress
                0x00000000200010d0        0x1 ./firmware/drivers/mss_sys_services/mss_comblk.o
 .bss.g_comblk_state
                0x00000000200010d1        0x1 ./firmware/drivers/mss_sys_services/mss_comblk.o
 *fill*         0x00000000200010d2        0x2 
 .bss.g_async_event_handler
                0x00000000200010d4        0x4 ./firmware/drivers/mss_sys_services/mss_comblk.o
 *(COMMON)
 COMMON         0x00000000200010d8       0x21 e:/soft/arm-none-eabi-gcc/bin/../lib/gcc/arm-none-eabi/9.2.1/../../../../arm-none-eabi/lib/thumb/v7-m/nofp\libg.a(lib_a-lock.o)
                0x00000000200010d8                __lock___atexit_recursive_mutex
                0x00000000200010dc                __lock___arc4random_mutex
                0x00000000200010e0                __lock___env_recursive_mutex
                0x00000000200010e4                __lock___sinit_recursive_mutex
                0x00000000200010e8                __lock___malloc_recursive_mutex
                0x00000000200010ec                __lock___at_quick_exit_mutex
                0x00000000200010f0                __lock___dd_hash_mutex
                0x00000000200010f4                __lock___tz_mutex
                0x00000000200010f8                __lock___sfp_recursive_mutex
                0x0000000020001100                . = ALIGN (0x10)
 *fill*         0x00000000200010f9        0x7 
                0x0000000020001100                __bss_end__ = .
                0x0000000020001100                _end = .
                0x0000000020001100                __end = _end
                0x0000000020001100                _ebss = .
                [!provide]                        PROVIDE (end = .)

.heap           0x0000000020001100     0xdf00
                0x0000000020001100                __heap_start__ = .
                0x0000000020002100                . = (. + MIN_SIZE_HEAP)
 *fill*         0x0000000020001100     0x1000 
                0x000000002000f000                . = (. + (((ABSOLUTE (RAM_START_ADDRESS) + RAM_SIZE) - MAIN_STACK_SIZE) - .))
 *fill*         0x0000000020002100     0xcf00 
                0x000000002000f000                _eheap = .

.stack          0x000000002000f000     0x1000
                0x000000002000f000                __stack_start__ = .
                0x0000000020010000                . = (. + MAIN_STACK_SIZE)
 *fill*         0x000000002000f000     0x1000 
                0x0000000020010000                _estack = .

.stab
 *(.stab)

.stabstr
 *(.stabstr)

.debug
 *(.debug)

.line
 *(.line)

.debug_srcinfo
 *(.debug_srcinfo)

.debug_sfnames
 *(.debug_sfnames)

.debug_aranges  0x0000000000000000      0x120
 *(.debug_aranges)
 .debug_aranges
                0x0000000000000000       0x90 ./firmware/drivers/mss_sys_services/mss_comblk.o
 .debug_aranges
                0x0000000000000090       0x20 ./firmware/CMSIS/startup_gcc/startup_m2sxxx.o
 .debug_aranges
                0x00000000000000b0       0x50 ./firmware/CMSIS/system_m2sxxx.o
 .debug_aranges
                0x0000000000000100       0x20 ./main.o

.debug_pubnames
 *(.debug_pubnames)

.debug_info     0x0000000000000000     0x1728
 *(.debug_info .gnu.linkonce.wi.*)
 .debug_info    0x0000000000000000      0xb24 ./firmware/drivers/mss_sys_services/mss_comblk.o
 .debug_info    0x0000000000000b24       0x26 ./firmware/CMSIS/startup_gcc/startup_m2sxxx.o
 .debug_info    0x0000000000000b4a      0xb08 ./firmware/CMSIS/system_m2sxxx.o
 .debug_info    0x0000000000001652       0xd6 ./main.o

.debug_abbrev   0x0000000000000000      0x490
 *(.debug_abbrev)
 .debug_abbrev  0x0000000000000000      0x235 ./firmware/drivers/mss_sys_services/mss_comblk.o
 .debug_abbrev  0x0000000000000235       0x14 ./firmware/CMSIS/startup_gcc/startup_m2sxxx.o
 .debug_abbrev  0x0000000000000249      0x1c3 ./firmware/CMSIS/system_m2sxxx.o
 .debug_abbrev  0x000000000000040c       0x84 ./main.o

.debug_line     0x0000000000000000      0xeb9
 *(.debug_line)
 .debug_line    0x0000000000000000      0x7d7 ./firmware/drivers/mss_sys_services/mss_comblk.o
 .debug_line    0x00000000000007d7      0x197 ./firmware/CMSIS/startup_gcc/startup_m2sxxx.o
 .debug_line    0x000000000000096e      0x38c ./firmware/CMSIS/system_m2sxxx.o
 .debug_line    0x0000000000000cfa      0x1bf ./main.o

.debug_frame    0x0000000000000000      0x538
 *(.debug_frame)
 .debug_frame   0x0000000000000000      0x240 ./firmware/drivers/mss_sys_services/mss_comblk.o
 .debug_frame   0x0000000000000240      0x10c ./firmware/CMSIS/system_m2sxxx.o
 .debug_frame   0x000000000000034c       0x2c ./main.o
 .debug_frame   0x0000000000000378       0x2c e:/soft/arm-none-eabi-gcc/bin/../lib/gcc/arm-none-eabi/9.2.1/../../../../arm-none-eabi/lib/thumb/v7-m/nofp\libg.a(lib_a-init.o)
 .debug_frame   0x00000000000003a4       0x5c e:/soft/arm-none-eabi-gcc/bin/../lib/gcc/arm-none-eabi/9.2.1/../../../../arm-none-eabi/lib/thumb/v7-m/nofp\libg.a(lib_a-__call_atexit.o)
 .debug_frame   0x0000000000000400       0x20 e:/soft/arm-none-eabi-gcc/bin/../lib/gcc/arm-none-eabi/9.2.1/../../../../arm-none-eabi/lib/thumb/v7-m/nofp\libg.a(lib_a-atexit.o)
 .debug_frame   0x0000000000000420       0x34 e:/soft/arm-none-eabi-gcc/bin/../lib/gcc/arm-none-eabi/9.2.1/../../../../arm-none-eabi/lib/thumb/v7-m/nofp\libg.a(lib_a-fini.o)
 .debug_frame   0x0000000000000454       0xb0 e:/soft/arm-none-eabi-gcc/bin/../lib/gcc/arm-none-eabi/9.2.1/../../../../arm-none-eabi/lib/thumb/v7-m/nofp\libg.a(lib_a-lock.o)
 .debug_frame   0x0000000000000504       0x34 e:/soft/arm-none-eabi-gcc/bin/../lib/gcc/arm-none-eabi/9.2.1/../../../../arm-none-eabi/lib/thumb/v7-m/nofp\libg.a(lib_a-__atexit.o)

.debug_str      0x0000000000000000     0x960e
 *(.debug_str)
 .debug_str     0x0000000000000000     0x868a ./firmware/drivers/mss_sys_services/mss_comblk.o
                                       0x88b2 (size before relaxing)
 .debug_str     0x000000000000868a       0x3d ./firmware/CMSIS/startup_gcc/startup_m2sxxx.o
                                         0x59 (size before relaxing)
 .debug_str     0x00000000000086c7      0xef9 ./firmware/CMSIS/system_m2sxxx.o
                                       0x8893 (size before relaxing)
 .debug_str     0x00000000000095c0       0x4e ./main.o
                                       0x3cc0 (size before relaxing)

.debug_loc
 *(.debug_loc)

.debug_macinfo
 *(.debug_macinfo)

.debug_weaknames
 *(.debug_weaknames)

.debug_funcnames
 *(.debug_funcnames)

.debug_typenames
 *(.debug_typenames)

.debug_varnames
 *(.debug_varnames)

.note.gnu.arm.ident
 *(.note.gnu.arm.ident)

.ARM.attributes
                0x0000000000000000       0x29
 *(.ARM.attributes)
 .ARM.attributes
                0x0000000000000000       0x1d e:/soft/arm-none-eabi-gcc/bin/../lib/gcc/arm-none-eabi/9.2.1/thumb/v7-m/nofp/crti.o
 .ARM.attributes
                0x000000000000001d       0x2d e:/soft/arm-none-eabi-gcc/bin/../lib/gcc/arm-none-eabi/9.2.1/thumb/v7-m/nofp/crtbegin.o
 .ARM.attributes
                0x000000000000004a       0x1b e:/soft/arm-none-eabi-gcc/bin/../lib/gcc/arm-none-eabi/9.2.1/../../../../arm-none-eabi/lib/thumb/v7-m/nofp/crt0.o
 .ARM.attributes
                0x0000000000000065       0x1b ./firmware/hal/CortexM3/GNU/hal.o
 .ARM.attributes
                0x0000000000000080       0x1b ./firmware/hal/CortexM3/GNU/hw_reg_access.o
 .ARM.attributes
                0x000000000000009b       0x2d ./firmware/hal/CortexM3/cortex_nvic.o
 .ARM.attributes
                0x00000000000000c8       0x33 ./firmware/drivers_config/sys_config/sys_config.o
 .ARM.attributes
                0x00000000000000fb       0x2d ./firmware/drivers/mss_sys_services/mss_comblk.o
 .ARM.attributes
                0x0000000000000128       0x2d ./firmware/drivers/mss_sys_services/mss_sys_services.o
 .ARM.attributes
                0x0000000000000155       0x2d ./firmware/CMSIS/startup_gcc/newlib_stubs.o
 .ARM.attributes
                0x0000000000000182       0x21 ./firmware/CMSIS/startup_gcc/startup_m2sxxx.o
 .ARM.attributes
                0x00000000000001a3       0x2d ./firmware/CMSIS/system_m2sxxx.o
 .ARM.attributes
                0x00000000000001d0       0x2d ./main.o
 .ARM.attributes
                0x00000000000001fd       0x2d e:/soft/arm-none-eabi-gcc/bin/../lib/gcc/arm-none-eabi/9.2.1/../../../../arm-none-eabi/lib/thumb/v7-m/nofp\libg.a(lib_a-errno.o)
 .ARM.attributes
                0x000000000000022a       0x2d e:/soft/arm-none-eabi-gcc/bin/../lib/gcc/arm-none-eabi/9.2.1/../../../../arm-none-eabi/lib/thumb/v7-m/nofp\libg.a(lib_a-exit.o)
 .ARM.attributes
                0x0000000000000257       0x2d e:/soft/arm-none-eabi-gcc/bin/../lib/gcc/arm-none-eabi/9.2.1/../../../../arm-none-eabi/lib/thumb/v7-m/nofp\libg.a(lib_a-impure.o)
 .ARM.attributes
                0x0000000000000284       0x2d e:/soft/arm-none-eabi-gcc/bin/../lib/gcc/arm-none-eabi/9.2.1/../../../../arm-none-eabi/lib/thumb/v7-m/nofp\libg.a(lib_a-init.o)
 .ARM.attributes
                0x00000000000002b1       0x1b e:/soft/arm-none-eabi-gcc/bin/../lib/gcc/arm-none-eabi/9.2.1/../../../../arm-none-eabi/lib/thumb/v7-m/nofp\libg.a(lib_a-memcpy.o)
 .ARM.attributes
                0x00000000000002cc       0x2d e:/soft/arm-none-eabi-gcc/bin/../lib/gcc/arm-none-eabi/9.2.1/../../../../arm-none-eabi/lib/thumb/v7-m/nofp\libg.a(lib_a-memset.o)
 .ARM.attributes
                0x00000000000002f9       0x2d e:/soft/arm-none-eabi-gcc/bin/../lib/gcc/arm-none-eabi/9.2.1/../../../../arm-none-eabi/lib/thumb/v7-m/nofp\libg.a(lib_a-__call_atexit.o)
 .ARM.attributes
                0x0000000000000326       0x2d e:/soft/arm-none-eabi-gcc/bin/../lib/gcc/arm-none-eabi/9.2.1/../../../../arm-none-eabi/lib/thumb/v7-m/nofp\libg.a(lib_a-atexit.o)
 .ARM.attributes
                0x0000000000000353       0x2d e:/soft/arm-none-eabi-gcc/bin/../lib/gcc/arm-none-eabi/9.2.1/../../../../arm-none-eabi/lib/thumb/v7-m/nofp\libg.a(lib_a-fini.o)
 .ARM.attributes
                0x0000000000000380       0x2d e:/soft/arm-none-eabi-gcc/bin/../lib/gcc/arm-none-eabi/9.2.1/../../../../arm-none-eabi/lib/thumb/v7-m/nofp\libg.a(lib_a-lock.o)
 .ARM.attributes
                0x00000000000003ad       0x2d e:/soft/arm-none-eabi-gcc/bin/../lib/gcc/arm-none-eabi/9.2.1/../../../../arm-none-eabi/lib/thumb/v7-m/nofp\libg.a(lib_a-__atexit.o)
 .ARM.attributes
                0x00000000000003da       0x2d e:/soft/arm-none-eabi-gcc/bin/../lib/gcc/arm-none-eabi/9.2.1/thumb/v7-m/nofp/crtend.o
 .ARM.attributes
                0x0000000000000407       0x1d e:/soft/arm-none-eabi-gcc/bin/../lib/gcc/arm-none-eabi/9.2.1/thumb/v7-m/nofp/crtn.o

/DISCARD/
 *(.note.GNU-stack)
 *(.isr_vector)
OUTPUT(apb_led_test.elf elf32-littlearm)

.debug_ranges   0x0000000000000000      0x138
 .debug_ranges  0x0000000000000000       0xd0 ./firmware/drivers/mss_sys_services/mss_comblk.o
 .debug_ranges  0x00000000000000d0       0x58 ./firmware/CMSIS/system_m2sxxx.o
 .debug_ranges  0x0000000000000128       0x10 ./main.o

.debug_macro    0x0000000000000000      0x300
 .debug_macro   0x0000000000000000      0x143 ./firmware/drivers/mss_sys_services/mss_comblk.o
 .debug_macro   0x0000000000000143      0x14e ./firmware/CMSIS/system_m2sxxx.o
 .debug_macro   0x0000000000000291       0x6f ./main.o

.comment        0x0000000000000000       0x66
 .comment       0x0000000000000000       0x66 ./firmware/drivers/mss_sys_services/mss_comblk.o
                                         0x67 (size before relaxing)
 .comment       0x0000000000000066       0x67 ./firmware/CMSIS/system_m2sxxx.o
 .comment       0x0000000000000066       0x67 ./main.o
