----------------------------------------------------------------
-Pin Report - Date: Tue Jun 16 14:29:52 2026 Pinchecksum: NOT-AVAILABLE
-Product: Designer
-Release: 2025.2
-Version: 2025.2.0.14
-Design Name: apb_led_slave
-Family: SmartFusion2
-Die: M2S010
-Package: 256 VF
-----------------------------------------------------------------

Port       |Pin |Fixed |Function                                   |Bank     |I/O Std   |Direction                      |I/O state in Flash*Freeze mode |Resistor Pull                      |I/O available in Flash*Freeze mode |Schmitt Trigger |Odt_Static    |Odt Imp (Ohm)  |Low Power Exit |Input Delay |Slew         |Pre-Emphasis      |Output Drive (mA) |Output Load (pF) |
-----------|----|------|-------------------------------------------|---------|----------|-------------------------------|-------------------------------|-----------------------------------|-----------------------------------|----------------|--------------|---------------|---------------|------------|-------------|------------------|------------------|-----------------|
led[0]      D9   No     DDRIO43PB0/MDDR_DQ14                        Bank0     LVCMOS25   Output                          TRISTATE                        None                                No                                  ---              ---            ---             ---             ---          SLOW          ---                4                  5                 
led[1]      A10  No     DDRIO46NB0/MDDR_DQS1_N                      Bank0     LVCMOS25   Output                          TRISTATE                        None                                No                                  ---              ---            ---             ---             ---          SLOW          ---                4                  5                 
led[2]      E8   No     DDRIO43NB0/MDDR_DQ15                        Bank0     LVCMOS25   Output                          TRISTATE                        None                                No                                  ---              ---            ---             ---             ---          SLOW          ---                4                  5                 
led[3]      C11  No     DDRIO42NB0/MDDR_WE_N                        Bank0     LVCMOS25   Output                          TRISTATE                        None                                No                                  ---              ---            ---             ---             ---          SLOW          ---                4                  5                 
PADDR[0]    A12  No     DDRIO40NB0/MDDR_CAS_N                       Bank0     LVCMOS25   Input                           TRISTATE                        None                                No                                  Off              ---            ---             Off             Off          ---           ---                ---                ---               
PADDR[1]    A7   No     DDRIO49PB0/MDDR_DQ7                         Bank0     LVCMOS25   Input                           TRISTATE                        None                                No                                  Off              ---            ---             Off             Off          ---           ---                ---                ---               
PADDR[2]    E11  No     DDRIO36PB0/MDDR_ADDR1                       Bank0     LVCMOS25   Input                           TRISTATE                        None                                No                                  Off              ---            ---             Off             Off          ---           ---                ---                ---               
PADDR[3]    A14  No     DDRIO39PB0/MDDR_CLK                         Bank0     LVCMOS25   Input                           TRISTATE                        None                                No                                  Off              ---            ---             Off             Off          ---           ---                ---                ---               
PADDR[4]    C16  No     DDRIO35NB0/MDDR_ADDR4                       Bank0     LVCMOS25   Input                           TRISTATE                        None                                No                                  Off              ---            ---             Off             Off          ---           ---                ---                ---               
PADDR[5]    E15  No     DDRIO32NB0/MDDR_ADDR9                       Bank0     LVCMOS25   Input                           TRISTATE                        None                                No                                  Off              ---            ---             Off             Off          ---           ---                ---                ---               
PADDR[6]    D1   No     DDRIO55PB0/CCC_NE0_CLKI3                    Bank0     LVCMOS25   Input                           TRISTATE                        None                                No                                  Off              ---            ---             Off             Off          ---           ---                ---                ---               
PADDR[7]    B7   No     DDRIO50PB0/MDDR_DQ5                         Bank0     LVCMOS25   Input                           TRISTATE                        None                                No                                  Off              ---            ---             Off             Off          ---           ---                ---                ---               
PCLK        F4   No     MSIO78PB7/GB2                               Bank7     LVCMOS25   Input                           TRISTATE                        None                                No                                  Off              ---            ---             Off             Off          ---           ---                ---                ---               
PENABLE     C4   No     DDRIO57PB0/MDDR_TMATCH_ECC_IN               Bank0     LVCMOS25   Input                           TRISTATE                        None                                No                                  Off              ---            ---             Off             Off          ---           ---                ---                ---               
PRDATA[0]   A13  No     DDRIO40PB0/MDDR_RESET_N                     Bank0     LVCMOS25   Output                          TRISTATE                        None                                No                                  ---              ---            ---             ---             ---          SLOW          ---                4                  5                 
PRDATA[1]   A3   No     DDRIO51PB0/MDDR_DM_RDQS0                    Bank0     LVCMOS25   Output                          TRISTATE                        None                                No                                  ---              ---            ---             ---             ---          SLOW          ---                4                  5                 
PRDATA[2]   B11  No     DDRIO44PB0/MDDR_DQ12                        Bank0     LVCMOS25   Output                          TRISTATE                        None                                No                                  ---              ---            ---             ---             ---          SLOW          ---                4                  5                 
PRDATA[3]   C9   No     DDRIO48NB0/MDDR_DQ9                         Bank0     LVCMOS25   Output                          TRISTATE                        None                                No                                  ---              ---            ---             ---             ---          SLOW          ---                4                  5                 
PRDATA[4]   P9   No     MSIO113PB4                                  Bank4     LVCMOS25   Output                          TRISTATE                        None                                No                                  ---              ---            ---             ---             ---          SLOW          ---                4                  5                 
PRDATA[5]   F3   No     MSIO78NB7                                   Bank7     LVCMOS25   Output                          TRISTATE                        None                                No                                  ---              ---            ---             ---             ---          SLOW          ---                4                  5                 
PRDATA[6]   D14  No     DDRIO30PB0/MDDR_ADDR12                      Bank0     LVCMOS25   Output                          TRISTATE                        None                                No                                  ---              ---            ---             ---             ---          SLOW          ---                4                  5                 
PRDATA[7]   H1   No     MSIOD85PB6/CCC_NE1_CLKI1                    Bank6     LVCMOS25   Output                          TRISTATE                        None                                No                                  ---              ---            ---             ---             ---          SLOW          ---                4                  5                 
PRDATA[8]   R10  No     MSIO113NB4                                  Bank4     LVCMOS25   Output                          TRISTATE                        None                                No                                  ---              ---            ---             ---             ---          SLOW          ---                4                  5                 
PRDATA[9]   T8   No     MSIO110NB4                                  Bank4     LVCMOS25   Output                          TRISTATE                        None                                No                                  ---              ---            ---             ---             ---          SLOW          ---                4                  5                 
PRDATA[10]  C5   No     DDRIO56PB0/MDDR_DQ_ECC1                     Bank0     LVCMOS25   Output                          TRISTATE                        None                                No                                  ---              ---            ---             ---             ---          SLOW          ---                4                  5                 
PRDATA[11]  H16  No     MSIO11NB2/I2C_1_SCL/GPIO_1_A/CCC_NE0_CLKI2  Bank2     LVCMOS25   Output                          TRISTATE                        None                                No                                  ---              ---            ---             ---             ---          SLOW          ---                4                  5                 
PRDATA[12]  F14  No     DDRIO32PB0/MDDR_ADDR8                       Bank0     LVCMOS25   Output                          TRISTATE                        None                                No                                  ---              ---            ---             ---             ---          SLOW          ---                4                  5                 
PRDATA[13]  T13  No     MSIO118PB4                                  Bank4     LVCMOS25   Output                          TRISTATE                        None                                No                                  ---              ---            ---             ---             ---          SLOW          ---                4                  5                 
PRDATA[14]  T6   No     MSIO102NB4/CCC_NE1_CLKI0                    Bank4     LVCMOS25   Output                          TRISTATE                        None                                No                                  ---              ---            ---             ---             ---          SLOW          ---                4                  5                 
PRDATA[15]  J1   No     MSIOD100PB5                                 Bank5     LVCMOS25   Output                          TRISTATE                        None                                No                                  ---              ---            ---             ---             ---          SLOW          ---                4                  5                 
PRDATA[16]  H3   No     MSIO81PB7                                   Bank7     LVCMOS25   Output                          TRISTATE                        None                                No                                  ---              ---            ---             ---             ---          SLOW          ---                4                  5                 
PRDATA[17]  A4   No     DDRIO52NB0/MDDR_DQS0_N                      Bank0     LVCMOS25   Output                          TRISTATE                        None                                No                                  ---              ---            ---             ---             ---          SLOW          ---                4                  5                 
PRDATA[18]  A8   No     DDRIO49NB0/MDDR_TMATCH_0_OUT                Bank0     LVCMOS25   Output                          TRISTATE                        None                                No                                  ---              ---            ---             ---             ---          SLOW          ---                4                  5                 
PRDATA[19]  J13  No     MSIO12NB2/SPI_0_SDI/GPIO_5_A                Bank2     LVCMOS25   Output                          TRISTATE                        None                                No                                  ---              ---            ---             ---             ---          SLOW          ---                4                  5                 
PRDATA[20]  F5   No     MSIO75NB7                                   Bank7     LVCMOS25   Output                          TRISTATE                        None                                No                                  ---              ---            ---             ---             ---          SLOW          ---                4                  5                 
PRDATA[21]  M10  No     MSIO114NB4                                  Bank4     LVCMOS25   Output                          TRISTATE                        None                                No                                  ---              ---            ---             ---             ---          SLOW          ---                4                  5                 
PRDATA[22]  N10  No     MSIO109NB4                                  Bank4     LVCMOS25   Output                          TRISTATE                        None                                No                                  ---              ---            ---             ---             ---          SLOW          ---                4                  5                 
PRDATA[23]  G1   No     MSIO79PB7/GB1                               Bank7     LVCMOS25   Output                          TRISTATE                        None                                No                                  ---              ---            ---             ---             ---          SLOW          ---                4                  5                 
PRDATA[24]  K1   No     MSIOD101NB5                                 Bank5     LVCMOS25   Output                          TRISTATE                        None                                No                                  ---              ---            ---             ---             ---          SLOW          ---                4                  5                 
PRDATA[25]  G14  No     MSIO18NB2/GPIO_9_A                          Bank2     LVCMOS25   Output                          TRISTATE                        None                                No                                  ---              ---            ---             ---             ---          SLOW          ---                4                  5                 
PRDATA[26]  M9   No     MSIO114PB4                                  Bank4     LVCMOS25   Output                          TRISTATE                        None                                No                                  ---              ---            ---             ---             ---          SLOW          ---                4                  5                 
PRDATA[27]  K14  No     MSIO6PB2/USB_DATA6_B                        Bank2     LVCMOS25   Output                          TRISTATE                        None                                No                                  ---              ---            ---             ---             ---          SLOW          ---                4                  5                 
PRDATA[28]  H15  No     MSIO19PB2/GPIO_10_A                         Bank2     LVCMOS25   Output                          TRISTATE                        None                                No                                  ---              ---            ---             ---             ---          SLOW          ---                4                  5                 
PRDATA[29]  T7   No     MSIO110PB4                                  Bank4     LVCMOS25   Output                          TRISTATE                        None                                No                                  ---              ---            ---             ---             ---          SLOW          ---                4                  5                 
PRDATA[30]  E4   No     DDRIO59NB0/GB4                              Bank0     LVCMOS25   Output                          TRISTATE                        None                                No                                  ---              ---            ---             ---             ---          SLOW          ---                4                  5                 
PRDATA[31]  J14  No     MSIO12PB2/SPI_0_CLK                         Bank2     LVCMOS25   Output                          TRISTATE                        None                                No                                  ---              ---            ---             ---             ---          SLOW          ---                4                  5                 
PREADY      A5   No     DDRIO52PB0/MDDR_DQS0                        Bank0     LVCMOS25   Output                          TRISTATE                        None                                No                                  ---              ---            ---             ---             ---          SLOW          ---                4                  5                 
PRESETN     B8   No     DDRIO45PB0/MDDR_TMATCH_0_IN                 Bank0     LVCMOS25   Input                           TRISTATE                        None                                No                                  Off              ---            ---             Off             Off          ---           ---                ---                ---               
PSEL        C10  No     DDRIO45NB0/MDDR_DM_RDQS1                    Bank0     LVCMOS25   Input                           TRISTATE                        None                                No                                  Off              ---            ---             Off             Off          ---           ---                ---                ---               
PWDATA[0]   C12  No     DDRIO38PB0/MDDR_BA0                         Bank0     LVCMOS25   Input                           TRISTATE                        None                                No                                  Off              ---            ---             Off             Off          ---           ---                ---                ---               
PWDATA[1]   D7   No     DDRIO47PB0/MDDR_DQ10                        Bank0     LVCMOS25   Input                           TRISTATE                        None                                No                                  Off              ---            ---             Off             Off          ---           ---                ---                ---               
PWDATA[2]   B5   No     DDRIO53NB0/MDDR_DQ3                         Bank0     LVCMOS25   Input                           TRISTATE                        None                                No                                  Off              ---            ---             Off             Off          ---           ---                ---                ---               
PWDATA[3]   D8   No     DDRIO47NB0/MDDR_DQ11                        Bank0     LVCMOS25   Input                           TRISTATE                        None                                No                                  Off              ---            ---             Off             Off          ---           ---                ---                ---               
PWRITE      B10  No     DDRIO44NB0/MDDR_DQ13                        Bank0     LVCMOS25   Input                           TRISTATE                        None                                No                                  Off              ---            ---             Off             Off          ---           ---                ---                ---               
