Resource Report
Microchip Technology Inc. - Microchip Libero Software Release 2025.2 (Version 2025.2.0.14)
Date: Wed Jun 17 00:48:07 2026

Device Selection
+--------------------------------+----------------+
| Family                         | SmartFusion2   |
| Device                         | M2S010         |
| Package                        | 256 VF         |
| Speed Grade                    | -1             |
| Temp                           | 0:25:85        |
| Voltage                        | 1.26:1.20:1.14 |
| Core Voltage                   | 1.2V           |
| Ramp Rate                      | 100ms Minimum  |
| System Controller Suspend Mode | No             |
| PLL Supply Voltage             | 2.5V           |
| Default I/O technology         | LVCMOS 2.5V    |
| Restrict Probe Pins            | Yes            |
| Restrict SPI Pins              | No             |
+--------------------------------+----------------+

Source Files
+---------+------------------------------------------------+
| Topcell | top_soc_new                                    |
| Format  | Verilog                                        |
| Source  | E:\Projects\DRDO\drdo\synthesis\top_soc_new.vm |
+---------+------------------------------------------------+

Options
+----------------------------------------------------+-------+
| Enable Single Event Transient mitigation           | false |
| Enable Design Separation Methodology               | false |
| Limit the number of high fanout nets to display to | 10    |
+----------------------------------------------------+-------+

Resource Usage
+---------------------------+------+-------+------------+
| Type                      | Used | Total | Percentage |
+---------------------------+------+-------+------------+
| 4LUT                      | 10   | 12084 | 0.08       |
| DFF                       | 4    | 12084 | 0.03       |
| I/O Register              | 0    | 414   | 0.00       |
| User I/O                  | 23   | 138   | 16.67      |
| -- Single-ended I/O       | 23   | 138   | 16.67      |
| -- Differential I/O Pairs | 0    | 65    | 0.00       |
| RAM64x18                  | 0    | 22    | 0.00       |
| RAM1K18                   | 0    | 21    | 0.00       |
| MACC                      | 0    | 22    | 0.00       |
| Chip Globals              | 1    | 8     | 12.50      |
| CCC                       | 1    | 2     | 50.00      |
| RCOSC_25_50MHZ            | 0    | 1     | 0.00       |
| RCOSC_1MHZ                | 0    | 1     | 0.00       |
| XTLOSC                    | 0    | 1     | 0.00       |
| MSS                       | 1    | 1     | 100.00     |
+---------------------------+------+-------+------------+

Detailed Logic Resource Usage
+--------------------------+------+-----+
| Type                     | 4LUT | DFF |
+--------------------------+------+-----+
| Fabric Logic             | 10   | 4   |
| RAM64x18 Interface Logic | 0    | 0   |
| RAM1K18 Interface Logic  | 0    | 0   |
| MACC Interface Logic     | 0    | 0   |
| Total Used               | 10   | 4   |
+--------------------------+------+-----+

MSS Resource Usage
+---------------+------+-------+
| Type          | Used | Total |
+---------------+------+-------+
| Cortex-M3*    | 1    | 1     |
| eNVM (256KB)* | 1    | 1     |
| eSRAM*        | 2    | 2     |
| TIMER*        | 2    | 2     |
| CAN           | 0    | 1     |
| SPI           | 1    | 2     |
| I2C           | 0    | 2     |
| UART          | 1    | 2     |
| USB           | 1    | 1     |
| MAC           | 0    | 1     |
| MDDR          | 0    | 1     |
| HPDMA         | 1    | 1     |
| PDMA          | 1    | 1     |
+---------------+------+-------+

* These resources are always marked as used when you are using the MSS

I/O Function
+-------------------------------+--------------+-------------+-----------------+
| Type                          | w/o register | w/ register | w/ DDR register |
+-------------------------------+--------------+-------------+-----------------+
| Input I/O                     | 6            | 0           | 0               |
| Output I/O                    | 7            | 0           | 0               |
| Bidirectional I/O             | 10           | 0           | 0               |
| Differential Input I/O Pairs  | 0            | 0           | 0               |
| Differential Output I/O Pairs | 0            | 0           | 0               |
+-------------------------------+--------------+-------------+-----------------+

I/O Technology
+--------------+--------+------+-------+--------+---------------+
| I/O Standard | Vddi   | Vref | Input | Output | Bidirectional |
+--------------+--------+------+-------+--------+---------------+
| LVCMOS25     |  2.50v |  N/A |  6    |  7     |  10           |
+--------------+--------+------+-------+--------+---------------+

Nets assigned to chip global resources
+--------+---------+----------------------------------------------+
| Fanout | Type    | Name                                         |
+--------+---------+----------------------------------------------+
| 4      | INT_NET | Net   : FCCC_C0_0_GL0                        |
|        |         | Driver: FCCC_C0_0/FCCC_C0_0/GL0_INST/U0_RGB1 |
|        |         | Source: NETLIST                              |
+--------+---------+----------------------------------------------+

Nets assigned to row global resources
+--------+------+------+
| Fanout | Type | Name |
+--------+------+------+
+--------+------+------+

High fanout nets
+--------+---------+---------------------------------------------------+
| Fanout | Type    | Name                                              |
+--------+---------+---------------------------------------------------+
| 5      | INT_NET | Net   : CoreAPB3_C0_0_PWRITES                     |
|        |         | Driver: MSS_C0_MSS_0/MSS_ADLIB_INST               |
| 5      | INT_NET | Net   : CoreAPB3_C0_0_PSELS0                      |
|        |         | Driver: CoreAPB3_C0_0/CoreAPB3_C0_0/iPSELS_raw[0] |
| 5      | INT_NET | Net   : apb_led_slave_0_led4                      |
|        |         | Driver: apb_led_slave_0/led4                      |
| 4      | INT_NET | Net   : MSS_C0_MSS_0_MSS_RESET_N_M2F              |
|        |         | Driver: MSS_C0_MSS_0/MSS_ADLIB_INST               |
| 4      | INT_NET | Net   : apb_led_slave_0/led_0_sqmuxa_Z            |
|        |         | Driver: apb_led_slave_0/led_0_sqmuxa              |
| 2      | INT_NET | Net   : led_c[3]                                  |
|        |         | Driver: apb_led_slave_0/led[3]                    |
| 2      | INT_NET | Net   : led_c[2]                                  |
|        |         | Driver: apb_led_slave_0/led[2]                    |
| 2      | INT_NET | Net   : led_c[1]                                  |
|        |         | Driver: apb_led_slave_0/led[1]                    |
| 2      | INT_NET | Net   : led_c[0]                                  |
|        |         | Driver: apb_led_slave_0/led[0]                    |
| 1      | INT_NET | Net   : PADDRS_net_0[7]                           |
|        |         | Driver: MSS_C0_MSS_0/MSS_ADLIB_INST               |
+--------+---------+---------------------------------------------------+

High fanout nets (through buffer trees)
+--------+---------+---------------------------------------------------+
| Fanout | Type    | Name                                              |
+--------+---------+---------------------------------------------------+
| 5      | INT_NET | Net   : CoreAPB3_C0_0_PWRITES                     |
|        |         | Driver: MSS_C0_MSS_0/MSS_ADLIB_INST               |
| 5      | INT_NET | Net   : CoreAPB3_C0_0_PSELS0                      |
|        |         | Driver: CoreAPB3_C0_0/CoreAPB3_C0_0/iPSELS_raw[0] |
| 5      | INT_NET | Net   : apb_led_slave_0_led4                      |
|        |         | Driver: apb_led_slave_0/led4                      |
| 4      | INT_NET | Net   : MSS_C0_MSS_0_MSS_RESET_N_M2F              |
|        |         | Driver: MSS_C0_MSS_0/MSS_ADLIB_INST               |
| 4      | INT_NET | Net   : apb_led_slave_0/led_0_sqmuxa_Z            |
|        |         | Driver: apb_led_slave_0/led_0_sqmuxa              |
| 2      | INT_NET | Net   : led_c[3]                                  |
|        |         | Driver: apb_led_slave_0/led[3]                    |
| 2      | INT_NET | Net   : led_c[2]                                  |
|        |         | Driver: apb_led_slave_0/led[2]                    |
| 2      | INT_NET | Net   : led_c[1]                                  |
|        |         | Driver: apb_led_slave_0/led[1]                    |
| 2      | INT_NET | Net   : led_c[0]                                  |
|        |         | Driver: apb_led_slave_0/led[0]                    |
| 1      | INT_NET | Net   : PADDRS_net_0[7]                           |
|        |         | Driver: MSS_C0_MSS_0/MSS_ADLIB_INST               |
+--------+---------+---------------------------------------------------+

