----------------------------------------------------------------
-Pin Report - Date: Wed Jun 17 00:48:19 2026 Pinchecksum: NOT-AVAILABLE
-Product: Designer
-Release: 2025.2
-Version: 2025.2.0.14
-Design Name: top_soc_new
-Family: SmartFusion2
-Die: M2S010
-Package: 256 VF
-----------------------------------------------------------------

Port             |Pin |Fixed |Function                         |Bank     |I/O Std   |Direction                      |I/O state in Flash*Freeze mode |Resistor Pull                      |I/O available in Flash*Freeze mode |Schmitt Trigger |Odt_Static    |Odt Imp (Ohm)  |Low Power Exit |Input Delay |Slew         |Pre-Emphasis      |Output Drive (mA) |Output Load (pF) |
-----------------|----|------|---------------------------------|---------|----------|-------------------------------|-------------------------------|-----------------------------------|-----------------------------------|----------------|--------------|---------------|---------------|------------|-------------|------------------|------------------|-----------------|
CLK0_PAD          H1   No     MSIOD85PB6/CCC_NE1_CLKI1          Bank6     LVCMOS25   Input                           TRISTATE                        None                                No                                  Off              ---            ---             Off             Off          ---           ---                ---                ---               
led[0]            H15  No     MSIO19PB2/GPIO_10_A               Bank2     LVCMOS25   Output                          TRISTATE                        None                                No                                  ---              ---            ---             ---             ---          SLOW          ---                4                  5                 
led[1]            P12  No     MSIO117PB4                        Bank4     LVCMOS25   Output                          TRISTATE                        None                                No                                  ---              ---            ---             ---             ---          SLOW          ---                4                  5                 
led[2]            H14  No     MSIO18PB2/GPIO_8_A                Bank2     LVCMOS25   Output                          TRISTATE                        None                                No                                  ---              ---            ---             ---             ---          SLOW          ---                4                  5                 
led[3]            P9   No     MSIO113PB4                        Bank4     LVCMOS25   Output                          TRISTATE                        None                                No                                  ---              ---            ---             ---             ---          SLOW          ---                4                  5                 
MMUART_0_RXD      G13  Yes    MSIO27PB1/MMUART_0_RXD/GPIO_28_B  Bank1     LVCMOS25   Input                           TRISTATE                        None                                No                                  Off              ---            ---             Off             Off          ---           ---                ---                ---               
MMUART_0_TXD      G12  Yes    MSI26NB1/MMUART_0_TXD/GPIO_27_B   Bank1     LVCMOS25   Output                          TRISTATE                        None                                No                                  ---              ---            ---             ---             ---          SLOW          ---                4                  5                 
SPI_0_CLK         J14  Yes    MSIO12PB2/SPI_0_CLK               Bank2     LVCMOS25   Inout                           TRISTATE                        None                                No                                  Off              ---            ---             Off             Off          SLOW          ---                4                  5                 
SPI_0_DI          J13  Yes    MSIO12NB2/SPI_0_SDI/GPIO_5_A      Bank2     LVCMOS25   Input                           TRISTATE                        None                                No                                  Off              ---            ---             Off             Off          ---           ---                ---                ---               
SPI_0_DO          K12  Yes    MSIO13PB2/SPI_0_SDO/GPIO_6_A      Bank2     LVCMOS25   Output                          TRISTATE                        None                                No                                  ---              ---            ---             ---             ---          SLOW          ---                4                  5                 
SPI_0_SS0         J12  Yes    MSIO13NB2/SPI_0_SS0/GPIO_7_A      Bank2     LVCMOS25   Inout                           TRISTATE                        None                                No                                  Off              ---            ---             Off             Off          SLOW          ---                4                  5                 
USB_ULPI_DATA[0]  L11  Yes    MSIO3PB2/USB_DATA0_B              Bank2     LVCMOS25   Inout                           TRISTATE                        None                                No                                  Off              ---            ---             Off             Off          SLOW          ---                4                  5                 
USB_ULPI_DATA[1]  L12  Yes    MSIO3NB2/USB_DATA1_B              Bank2     LVCMOS25   Inout                           TRISTATE                        None                                No                                  Off              ---            ---             Off             Off          SLOW          ---                4                  5                 
USB_ULPI_DATA[2]  K16  Yes    MSIO4PB2/USB_DATA2_B              Bank2     LVCMOS25   Inout                           TRISTATE                        None                                No                                  Off              ---            ---             Off             Off          SLOW          ---                4                  5                 
USB_ULPI_DATA[3]  L15  Yes    MSIO4NB2/USB_DATA3_B              Bank2     LVCMOS25   Inout                           TRISTATE                        None                                No                                  Off              ---            ---             Off             Off          SLOW          ---                4                  5                 
USB_ULPI_DATA[4]  L14  Yes    MSIO5PB2/USB_DATA4_B              Bank2     LVCMOS25   Inout                           TRISTATE                        None                                No                                  Off              ---            ---             Off             Off          SLOW          ---                4                  5                 
USB_ULPI_DATA[5]  L13  Yes    MSIO5NB2/USB_DATA5_B              Bank2     LVCMOS25   Inout                           TRISTATE                        None                                No                                  Off              ---            ---             Off             Off          SLOW          ---                4                  5                 
USB_ULPI_DATA[6]  K14  Yes    MSIO6PB2/USB_DATA6_B              Bank2     LVCMOS25   Inout                           TRISTATE                        None                                No                                  Off              ---            ---             Off             Off          SLOW          ---                4                  5                 
USB_ULPI_DATA[7]  N15  Yes    MSIO0NB2/USB_DATA7_B              Bank2     LVCMOS25   Inout                           TRISTATE                        None                                No                                  Off              ---            ---             Off             Off          SLOW          ---                4                  5                 
USB_ULPI_DIR      M16  Yes    MSIO1NB2/USB_DIR_B                Bank2     LVCMOS25   Input                           TRISTATE                        None                                No                                  Off              ---            ---             Off             Off          ---           ---                ---                ---               
USB_ULPI_NXT      M13  Yes    MSIO2NB2/USB_NXT_B                Bank2     LVCMOS25   Input                           TRISTATE                        None                                No                                  Off              ---            ---             Off             Off          ---           ---                ---                ---               
USB_ULPI_STP      N14  Yes    MSIO2PB2/USB_STP_B                Bank2     LVCMOS25   Output                          TRISTATE                        None                                No                                  ---              ---            ---             ---             ---          SLOW          ---                4                  5                 
USB_ULPI_XCLK     N16  Yes    MSIO1PB2/USB_XCLK_B               Bank2     LVCMOS25   Input                           TRISTATE                        None                                No                                  Off              ---            ---             Off             Off          ---           ---                ---                ---               
