----------------------------------------------------------------
-Pin Report - Date: Thu Jun  4 18:11:43 2026 Pinchecksum: NOT-AVAILABLE
-Product: Designer
-Release: 2025.2
-Version: 2025.2.0.14
-Design Name: flipflops
-Family: SmartFusion2
-Die: M2S010
-Package: 256 VF
-----------------------------------------------------------------

Port |Pin |Fixed |Function                |Bank     |I/O Std   |Direction                      |I/O state in Flash*Freeze mode |Resistor Pull                      |I/O available in Flash*Freeze mode |Schmitt Trigger |Odt_Static    |Odt Imp (Ohm)  |Low Power Exit |Input Delay |Slew         |Pre-Emphasis      |Output Drive (mA) |Output Load (pF) |
-----|----|------|------------------------|---------|----------|-------------------------------|-------------------------------|-----------------------------------|-----------------------------------|----------------|--------------|---------------|---------------|------------|-------------|------------------|------------------|-----------------|
clk   F4   No     MSIO78PB7/GB2            Bank7     LVCMOS25   Input                           TRISTATE                        None                                No                                  Off              ---            ---             Off             Off          ---           ---                ---                ---               
d     B5   No     DDRIO53NB0/MDDR_DQ3      Bank0     LVCMOS25   Input                           TRISTATE                        None                                No                                  Off              ---            ---             Off             Off          ---           ---                ---                ---               
j     C9   No     DDRIO48NB0/MDDR_DQ9      Bank0     LVCMOS25   Input                           TRISTATE                        None                                No                                  Off              ---            ---             Off             Off          ---           ---                ---                ---               
k     C5   No     DDRIO56PB0/MDDR_DQ_ECC1  Bank0     LVCMOS25   Input                           TRISTATE                        None                                No                                  Off              ---            ---             Off             Off          ---           ---                ---                ---               
q_d   C6   No     DDRIO50NB0/MDDR_DQ6      Bank0     LVCMOS25   Output                          TRISTATE                        None                                No                                  ---              ---            ---             ---             ---          SLOW          ---                4                  5                 
q_jk  A7   No     DDRIO49PB0/MDDR_DQ7      Bank0     LVCMOS25   Output                          TRISTATE                        None                                No                                  ---              ---            ---             ---             ---          SLOW          ---                4                  5                 
q_sr  A5   No     DDRIO52PB0/MDDR_DQS0     Bank0     LVCMOS25   Output                          TRISTATE                        None                                No                                  ---              ---            ---             ---             ---          SLOW          ---                4                  5                 
q_t   D2   No     DDRIO55NB0               Bank0     LVCMOS25   Output                          TRISTATE                        None                                No                                  ---              ---            ---             ---             ---          SLOW          ---                4                  5                 
r     B7   No     DDRIO50PB0/MDDR_DQ5      Bank0     LVCMOS25   Input                           TRISTATE                        None                                No                                  Off              ---            ---             Off             Off          ---           ---                ---                ---               
rst   B6   No     DDRIO53PB0/MDDR_DQ2      Bank0     LVCMOS25   Input                           TRISTATE                        None                                No                                  Off              ---            ---             Off             Off          ---           ---                ---                ---               
s     A2   No     DDRIO54NB0/MDDR_DQ1      Bank0     LVCMOS25   Input                           TRISTATE                        None                                No                                  Off              ---            ---             Off             Off          ---           ---                ---                ---               
t     A10  No     DDRIO46NB0/MDDR_DQS1_N   Bank0     LVCMOS25   Input                           TRISTATE                        None                                No                                  Off              ---            ---             Off             Off          ---           ---                ---                ---               
